Archive member included to satisfy reference by file (symbol)

../../../../include_lib/newlib/pi32v2-lib/libc.a(lib_a-atoi.o)
                              obj/Release/apps/wifi_story_machine/bt_ble/bt_music.o (symbol from plugin) (atoi)
../../../../include_lib/newlib/pi32v2-lib/libc.a(lib_a-gmtime.o)
                              obj/Release/apps/common/LLM/volc/net_request.o (symbol from plugin) (gmtime)
../../../../include_lib/newlib/pi32v2-lib/libc.a(lib_a-gmtime_r.o)
                              ../../../../include_lib/newlib/pi32v2-lib/libc.a(lib_a-gmtime.o) (gmtime_r)
../../../../include_lib/newlib/pi32v2-lib/libc.a(lib_a-impure.o)
                              ../../../../include_lib/newlib/pi32v2-lib/libc.a(lib_a-gmtime.o) (_impure_ptr)
../../../../include_lib/newlib/pi32v2-lib/libc.a(lib_a-index.o)
                              obj/Release/apps/common/ui/ui_driver/interface/ui_platform.o (symbol from plugin) (index)
../../../../include_lib/newlib/pi32v2-lib/libc.a(lib_a-memcmp.o)
                              obj/Release/apps/common/audio_music/effects_adj.o (symbol from plugin) (memcmp)
../../../../include_lib/newlib/pi32v2-lib/libc.a(lib_a-rand.o)
                              obj/Release/apps/common/LLM/volc/access_token.o (symbol from plugin) (rand)
../../../../include_lib/newlib/pi32v2-lib/libc.a(lib_a-rindex.o)
                              obj/Release/apps/common/ui/ui_driver/interface/ui_platform.o (symbol from plugin) (rindex)
../../../../include_lib/newlib/pi32v2-lib/libc.a(lib_a-strchr.o)
                              ../../../../include_lib/newlib/pi32v2-lib/libc.a(lib_a-index.o) (strchr)
../../../../include_lib/newlib/pi32v2-lib/libc.a(lib_a-strcmp.o)
                              obj/Release/apps/common/LLM/volc/src/common/volc_string.o (symbol from plugin) (strcmp)
../../../../include_lib/newlib/pi32v2-lib/libc.a(lib_a-strcpy.o)
                              obj/Release/apps/common/LLM/volc/net_request.o (symbol from plugin) (strcpy)
../../../../include_lib/newlib/pi32v2-lib/libc.a(lib_a-strcspn.o)
                              obj/Release/apps/common/example/third_party/littlefs/lfs.o (symbol from plugin) (strcspn)
../../../../include_lib/newlib/pi32v2-lib/libc.a(lib_a-strlen.o)
                              obj/Release/apps/common/audio_music/effects_adj.o (symbol from plugin) (strlen)
../../../../include_lib/newlib/pi32v2-lib/libc.a(lib_a-strncmp.o)
                              obj/Release/apps/common/LLM/volc/src/common/volc_string.o (symbol from plugin) (strncmp)
../../../../include_lib/newlib/pi32v2-lib/libc.a(lib_a-strncpy.o)
                              obj/Release/apps/common/LLM/volc/net_request.o (symbol from plugin) (strncpy)
../../../../include_lib/newlib/pi32v2-lib/libc.a(lib_a-strnlen.o)
                              obj/Release/apps/common/LLM/volc/src/platform/volc_time.o (symbol from plugin) (strnlen)
../../../../include_lib/newlib/pi32v2-lib/libc.a(lib_a-strrchr.o)
                              ../../../../include_lib/newlib/pi32v2-lib/libc.a(lib_a-rindex.o) (strrchr)
../../../../include_lib/newlib/pi32v2-lib/libc.a(lib_a-strspn.o)
                              obj/Release/apps/common/example/third_party/littlefs/lfs.o (symbol from plugin) (strspn)
../../../../include_lib/newlib/pi32v2-lib/libc.a(lib_a-strstr.o)
                              obj/Release/apps/common/LLM/volc/src/common/volc_string.o (symbol from plugin) (strstr)
../../../../include_lib/newlib/pi32v2-lib/libc.a(lib_a-strtok.o)
                              obj/Release/apps/common/LLM/volc/net_request.o (symbol from plugin) (strtok)
../../../../include_lib/newlib/pi32v2-lib/libc.a(lib_a-strtok_r.o)
                              ../../../../include_lib/newlib/pi32v2-lib/libc.a(lib_a-strtok.o) (__strtok_r)
../../../../include_lib/newlib/pi32v2-lib/libc.a(lib_a-strtol.o)
                              ../../../../include_lib/newlib/pi32v2-lib/libc.a(lib_a-atoi.o) (_strtol_r)
../../../../include_lib/newlib/pi32v2-lib/libc.a(lib_a-ctype_.o)
                              ../../../../include_lib/newlib/pi32v2-lib/libc.a(lib_a-strtol.o) (__ctype_ptr__)
../../../../cpu/wl82/liba/event.a(bt_event.c.o)
                              obj/Release/apps/wifi_story_machine/bt_ble/bt_music.o (symbol from plugin) (bt_event_notify)
../../../../cpu/wl82/liba/event.a(net_event.c.o)
                              obj/Release/apps/common/net/config_network.o (symbol from plugin) (net_event_notify)
../../../../cpu/wl82/liba/event.a(key_event.c.o)
                              obj/Release/apps/wifi_story_machine/app_music.o (symbol from plugin) (key_event_disable)
../../../../cpu/wl82/liba/event.a(device_event.c.o)
                              obj/Release/apps/common/system/power_manage.o (symbol from plugin) (device_event_notify)
../../../../cpu/wl82/liba/event.a(version.z.o)
                              (lib_event_version)
../../../../cpu/wl82/liba/event.a(event.c.o)
[...]
Memory Configuration

Name             Origin             Length             Attributes
rom              0x02000120         0x00800000         xr
sdram            0x04000120         0x00800000         xrw
ram0             0x01c00000         0x0007fd4c         xrw
boot_info        0x01c7fd4c         0x00000034         xrw
cache_ram        0x01f28000         0x00000000         rw
*default*        0x00000000         0xffffffff

Linker script and memory map

LOAD obj/Release/cpu/wl82/debug.o
LOAD ..\..\..\..\cpu\wl82\tools\sdk.elf.o
LOAD obj/Release/cpu/wl82/iic.o
LOAD obj/Release/cpu/wl82/key/adc_api.o
LOAD obj/Release/cpu/wl82/key/ctmu.o
LOAD obj/Release/cpu/wl82/key/irflt.o
LOAD obj/Release/cpu/wl82/key/plcnt.o
LOAD obj/Release/cpu/wl82/key/rdec.o
LOAD obj/Release/cpu/wl82/port_waked_up.o
LOAD obj/Release/cpu/wl82/setup.o
LOAD obj/Release/include_lib/btctrler/version.z.o
LOAD obj/Release/include_lib/btstack/version.z.o
LOAD obj/Release/include_lib/driver/version.z.o
LOAD obj/Release/include_lib/media/version.z.o
LOAD obj/Release/include_lib/net/version.z.o
LOAD obj/Release/include_lib/server/version.z.o
LOAD obj/Release/include_lib/system/version.z.o
LOAD obj/Release/include_lib/update/version.z.o
LOAD obj/Release/include_lib/utils/version.z.o
LOAD obj/Release/lib/net/version.z.o
LOAD obj/Release/lib/server/version.z.o
LOAD obj/Release/lib/utils/version.z.o
LOAD obj/Release/apps/common/asr/aisp/aisp.o
LOAD obj/Release/apps/common/asr/jlkws/jlkws.o
LOAD obj/Release/apps/common/asr/roobo/roobo.o
LOAD obj/Release/apps/common/asr/wanson/wanson.o
LOAD obj/Release/apps/common/audio_music/audio_config.o
LOAD obj/Release/apps/common/audio_music/audio_eff_default_parm.o
LOAD obj/Release/apps/common/audio_music/effects_adj.o
LOAD obj/Release/apps/common/audio_music/eq_config_new.o
LOAD obj/Release/apps/common/audio_music/http_recorder.o
LOAD obj/Release/apps/common/audio_music/music_decrypt.o
LOAD obj/Release/apps/common/audio_music/pcm_play_api.o
LOAD obj/Release/apps/common/audio_music/usb_audio_api.o
LOAD obj/Release/apps/common/audio_music/wifi_upload_pcm.o
LOAD obj/Release/apps/common/ble/le_24g_deal.o
LOAD obj/Release/apps/common/ble/le_hogp.o
LOAD obj/Release/apps/common/ble/le_net_central.o
LOAD obj/Release/apps/common/ble/le_net_cfg.o
LOAD obj/Release/apps/common/ble/le_net_cfg_dui.o
LOAD obj/Release/apps/common/ble/le_net_cfg_tencent.o
LOAD obj/Release/apps/common/ble/le_net_cfg_turing.o
LOAD obj/Release/apps/common/ble/le_trans_data.o
LOAD obj/Release/apps/common/ble/mesh/examples/AliGenie_fan.o
LOAD obj/Release/apps/common/ble/mesh/examples/AliGenie_light.o
LOAD obj/Release/apps/common/ble/mesh/examples/AliGenie_socket.o
LOAD obj/Release/apps/common/ble/mesh/examples/generic_onoff_client.o
LOAD obj/Release/apps/common/ble/mesh/examples/generic_onoff_server.o
LOAD obj/Release/apps/common/ble/mesh/examples/onoff_tobe_provision.o
LOAD obj/Release/apps/common/ble/mesh/examples/provisioner.o
LOAD obj/Release/apps/common/ble/mesh/examples/TUYA_light.o
LOAD obj/Release/apps/common/ble/mesh/examples/vendor_client.o
LOAD obj/Release/apps/common/ble/mesh/examples/vendor_server.o
LOAD obj/Release/apps/common/ble/mesh/mesh_config_common.o
LOAD obj/Release/apps/common/ble/mesh/model_api.o
LOAD obj/Release/apps/common/ble/mesh/unix_timestamp.o
LOAD obj/Release/apps/common/ble/multi_demo/le_multi_client.o
LOAD obj/Release/apps/common/ble/multi_demo/le_multi_common.o
LOAD obj/Release/apps/common/ble/multi_demo/le_multi_trans.o
LOAD obj/Release/apps/common/c++/cpp_run_init.o
LOAD obj/Release/apps/common/c++/cxx_runtime.o
LOAD obj/Release/apps/common/camera/byd20a6/byd20a6.o
LOAD obj/Release/apps/common/camera/byd30a2/byd30a2.o
LOAD obj/Release/apps/common/camera/byd3720/byd3720.o
LOAD obj/Release/apps/common/camera/byd3901/byd3901.o
LOAD obj/Release/apps/common/camera/byd3a03/byd3a03.o
LOAD obj/Release/apps/common/camera/gc0307_dvp/gc0307.o
LOAD obj/Release/apps/common/camera/gc0308_dvp/gc0308.o
LOAD obj/Release/apps/common/camera/gc0309_dvp/gc0309.o
LOAD obj/Release/apps/common/camera/gc0310_spi/gc0310.o
LOAD obj/Release/apps/common/camera/gc0312_dvp/gc0312.o
LOAD obj/Release/apps/common/camera/gc0328_dvp/gc0328.o
LOAD obj/Release/apps/common/camera/gc0329_dvp/gc0329.o
LOAD obj/Release/apps/common/camera/gc032a_dvp/gc032a.o
LOAD obj/Release/apps/common/camera/gc2035_dvp/gc2035.o
LOAD obj/Release/apps/common/camera/gc2145_dvp/gc2145.o
LOAD obj/Release/apps/common/camera/h7375s/h7375s.o
LOAD obj/Release/apps/common/camera/ov7670_dvp/ov7670.o
LOAD obj/Release/apps/common/camera/pr2000k/pr2000k.o
LOAD obj/Release/apps/common/camera/xc7011_dvp/xc7011.o
LOAD obj/Release/apps/common/config/bt_profile_config.o
LOAD obj/Release/apps/common/config/log_config/app_config.o
LOAD obj/Release/apps/common/config/log_config/lib_btctrler_config.o
LOAD obj/Release/apps/common/config/log_config/lib_btstack_config.o
LOAD obj/Release/apps/common/config/log_config/lib_driver_config.o
LOAD obj/Release/apps/common/config/log_config/lib_system_config.o
LOAD obj/Release/apps/common/config/log_config/lib_update_config.o
LOAD obj/Release/apps/common/config/new_cfg_tool.o
LOAD obj/Release/apps/common/config/user_cfg.o
LOAD obj/Release/apps/common/debug/debug.o
LOAD obj/Release/apps/common/debug/debug_user.o
LOAD obj/Release/apps/common/example/third_party/littlefs/lfs.o
LOAD obj/Release/apps/common/example/third_party/littlefs/lfs_test.o
LOAD obj/Release/apps/common/example/third_party/littlefs/lfs_util.o
LOAD obj/Release/apps/common/example/third_party/littlefs/port/wl82/port.o
LOAD obj/Release/apps/common/fat_nor/extflash.o
LOAD obj/Release/apps/common/fm/fm_manage.o
LOAD obj/Release/apps/common/fm/fm_rw.o
LOAD obj/Release/apps/common/fm/qn8035/QN8035.o
LOAD obj/Release/apps/common/fm/rda5807/RDA5807.o
LOAD obj/Release/apps/common/iic/iic.o
LOAD obj/Release/apps/common/iic/software_iic.o
LOAD obj/Release/apps/common/jl_math/flfft_core_pi32v2.o
LOAD obj/Release/apps/common/jl_math/jl_fft.o
LOAD obj/Release/apps/common/jl_math/jl_math.o
LOAD obj/Release/apps/common/jl_math/nn_function_vec.o
LOAD obj/Release/apps/common/key/adkey.o
LOAD obj/Release/apps/common/key/adkey_rtcvdd.o
LOAD obj/Release/apps/common/key/ctmu_touch_key.o
LOAD obj/Release/apps/common/key/iokey.o
LOAD obj/Release/apps/common/key/irkey.o
LOAD obj/Release/apps/common/key/key_driver.o
LOAD obj/Release/apps/common/key/matrix_keyboard.o
LOAD obj/Release/apps/common/key/rdec_key.o
LOAD obj/Release/apps/common/key/slidekey.o
LOAD obj/Release/apps/common/key/tent600_key.o
LOAD obj/Release/apps/common/key/touch_key.o
LOAD obj/Release/apps/common/key/uart_key.o
LOAD obj/Release/apps/common/LLM/audio/audio_input.o
LOAD obj/Release/apps/common/LLM/extra/g711.o
LOAD obj/Release/apps/common/LLM/volc/access_token.o
LOAD obj/Release/apps/common/LLM/volc/net_request.o
LOAD obj/Release/apps/common/LLM/volc/src/common/volc_crypto.o
LOAD obj/Release/apps/common/LLM/volc/src/common/volc_sprintf.o
LOAD obj/Release/apps/common/LLM/volc/src/common/volc_string.o
LOAD obj/Release/apps/common/LLM/volc/src/common/volc_tls.o
LOAD obj/Release/apps/common/LLM/volc/src/platform/volc_atomic.o
LOAD obj/Release/apps/common/LLM/volc/src/platform/volc_cond.o
LOAD obj/Release/apps/common/LLM/volc/src/platform/volc_device.o
LOAD obj/Release/apps/common/LLM/volc/src/platform/volc_device_finger_print.o
LOAD obj/Release/apps/common/LLM/volc/src/platform/volc_directory.o
LOAD obj/Release/apps/common/LLM/volc/src/platform/volc_errno.o
LOAD obj/Release/apps/common/LLM/volc/src/platform/volc_fileio.o
LOAD obj/Release/apps/common/LLM/volc/src/platform/volc_log.o
LOAD obj/Release/apps/common/LLM/volc/src/platform/volc_memory.o
LOAD obj/Release/apps/common/LLM/volc/src/platform/volc_mutex.o
LOAD obj/Release/apps/common/LLM/volc/src/platform/volc_network.o
LOAD obj/Release/apps/common/LLM/volc/src/platform/volc_socket.o
LOAD obj/Release/apps/common/LLM/volc/src/platform/volc_thread.o
LOAD obj/Release/apps/common/LLM/volc/src/platform/volc_time.o
LOAD obj/Release/apps/common/LLM/volc/src/platform/volc_uuid.o
LOAD obj/Release/apps/common/LLM/volc/src/platform/volc_zlib.o
LOAD obj/Release/apps/common/LLM/volc/VolcEngineRTCLiteDemo.o
LOAD obj/Release/apps/common/net/assign_macaddr.o
LOAD obj/Release/apps/common/net/config_network.o
LOAD obj/Release/apps/common/net/iperf_test.o
LOAD obj/Release/apps/common/net/platform_cfg.o
LOAD obj/Release/apps/common/net/testbox/client.o
LOAD obj/Release/apps/common/net/testbox/fsm.o
LOAD obj/Release/apps/common/net/testbox/wbcp.o
LOAD obj/Release/apps/common/net/voiceprint_cfg.o
LOAD obj/Release/apps/common/net/wifi_conf.o
LOAD obj/Release/apps/common/rf_fcc_tool/bt.o
LOAD obj/Release/apps/common/rf_fcc_tool/rf_fcc_main.o
LOAD obj/Release/apps/common/system/device_mount.o
LOAD obj/Release/apps/common/system/flash_write_protect.o
LOAD obj/Release/apps/common/system/init.o
LOAD obj/Release/apps/common/system/power_manage.o
LOAD obj/Release/apps/common/system/sdram_config_save_flash.o
LOAD obj/Release/apps/common/system/system_reset_reason.o
LOAD obj/Release/apps/common/system/system_vdd_clock.o
LOAD obj/Release/apps/common/system/version.o
LOAD obj/Release/apps/common/ui/font/fontinit.o
LOAD obj/Release/apps/common/ui/gif_api.o
LOAD obj/Release/apps/common/ui/GUI_GIF.o
LOAD obj/Release/apps/common/ui/lcd/lcd_ui_api.o
LOAD obj/Release/apps/common/ui/lcd_driver/lcd_480x272_8bits.o
LOAD obj/Release/apps/common/ui/lcd_driver/lcd_data_driver.o
LOAD obj/Release/apps/common/ui/lcd_driver/lcd_drive.o
LOAD obj/Release/apps/common/ui/lcd_driver/lcd_hx8357.o
LOAD obj/Release/apps/common/ui/lcd_driver/lcd_ili9341.o
LOAD obj/Release/apps/common/ui/lcd_driver/lcd_ili9481.o
LOAD obj/Release/apps/common/ui/lcd_driver/lcd_ili9488.o
LOAD obj/Release/apps/common/ui/lcd_driver/lcd_st7735s.o
LOAD obj/Release/apps/common/ui/lcd_driver/lcd_st7789s.o
LOAD obj/Release/apps/common/ui/lcd_driver/lcd_st7789v.o
LOAD obj/Release/apps/common/ui/lcd_driver/lcd_tm9486.o
LOAD obj/Release/apps/common/ui/touch_panel/ft6236.o
LOAD obj/Release/apps/common/ui/touch_panel/gt911.o
LOAD obj/Release/apps/common/ui/ui_action_video.o
LOAD obj/Release/apps/common/ui/ui_driver/interface/ui_platform.o
LOAD obj/Release/apps/common/update/fs_update.o
LOAD obj/Release/apps/common/update/http_update.o
LOAD obj/Release/apps/common/update/net_update.o
LOAD obj/Release/apps/common/update/update.o
LOAD obj/Release/apps/common/usb/device/cdc.o
LOAD obj/Release/apps/common/usb/device/descriptor.o
LOAD obj/Release/apps/common/usb/device/hid.o
LOAD obj/Release/apps/common/usb/device/msd.o
LOAD obj/Release/apps/common/usb/device/msd_upgrade.o
LOAD obj/Release/apps/common/usb/device/printer.o
LOAD obj/Release/apps/common/usb/device/ram_disk_circle.o
LOAD obj/Release/apps/common/usb/device/ram_disk_update.o
LOAD obj/Release/apps/common/usb/device/task_pc.o
LOAD obj/Release/apps/common/usb/device/uac.o
LOAD obj/Release/apps/common/usb/device/uac2.o
LOAD obj/Release/apps/common/usb/device/uac_stream.o
LOAD obj/Release/apps/common/usb/device/usb_device.o
LOAD obj/Release/apps/common/usb/device/user_setup.o
LOAD obj/Release/apps/common/usb/device/uvc.o
LOAD obj/Release/apps/common/usb/host/adb.o
LOAD obj/Release/apps/common/usb/host/aoa.o
LOAD obj/Release/apps/common/usb/host/audio.o
LOAD obj/Release/apps/common/usb/host/hid.o
LOAD obj/Release/apps/common/usb/host/usb_bulk_transfer.o
LOAD obj/Release/apps/common/usb/host/usb_ctrl_transfer.o
LOAD obj/Release/apps/common/usb/host/usb_host.o
LOAD obj/Release/apps/common/usb/host/usb_storage.o
LOAD obj/Release/apps/common/usb/host/usb_video.o
LOAD obj/Release/apps/common/usb/host/usbnet.o
LOAD obj/Release/apps/common/usb/host/uvc_host.o
LOAD obj/Release/apps/common/usb/usb_config.o
LOAD obj/Release/apps/common/usb/usb_epbuf_manager.o
LOAD obj/Release/apps/common/usb/usb_host_config.o
LOAD obj/Release/apps/wifi_story_machine/app_main.o
LOAD obj/Release/apps/wifi_story_machine/app_music.o
LOAD obj/Release/apps/wifi_story_machine/app_music_dui.o
LOAD obj/Release/apps/wifi_story_machine/app_music_tencent.o
LOAD obj/Release/apps/wifi_story_machine/bt_ble/ble.o
LOAD obj/Release/apps/wifi_story_machine/bt_ble/bt_decode.o
LOAD obj/Release/apps/wifi_story_machine/bt_ble/bt_emitter.o
LOAD obj/Release/apps/wifi_story_machine/bt_ble/bt_music.o
LOAD obj/Release/apps/wifi_story_machine/multiple_ethernetif.o
LOAD obj/Release/apps/wifi_story_machine/ui/led_ui_gr202.o
LOAD obj/Release/apps/wifi_story_machine/video/camera_lcd_demo.o
LOAD obj/Release/apps/wifi_story_machine/video/get_yuv_data.o
LOAD obj/Release/apps/wifi_story_machine/video/jpeg2yuv.o
LOAD obj/Release/apps/wifi_story_machine/video/network_mssdp.o
LOAD obj/Release/apps/wifi_story_machine/video/spi_data_deal.o
LOAD obj/Release/apps/wifi_story_machine/video/spi_recv.o
LOAD obj/Release/apps/wifi_story_machine/video/stream/video_rt_usr.o
LOAD obj/Release/apps/wifi_story_machine/video/stream_protocol.o
LOAD obj/Release/apps/wifi_story_machine/video/strm_video_rec.o
LOAD obj/Release/apps/wifi_story_machine/video/user_video_rec.o
LOAD obj/Release/apps/wifi_story_machine/wifi_app_task.o
LOAD obj/Release/apps/wifi_story_machine/board/wl82/board_7911B.o
LOAD obj/Release/apps/wifi_story_machine/board/wl82/board_7911D.o
LOAD obj/Release/apps/wifi_story_machine/board/wl82/board_7912D.o
LOAD obj/Release/apps/wifi_story_machine/board/wl82/board_7913A.o
LOAD obj/Release/apps/wifi_story_machine/board/wl82/board_7916A.o
START GROUP
LOAD ../../../../include_lib/newlib/pi32v2-lib/libm.a
LOAD ../../../../include_lib/newlib/pi32v2-lib/libc.a
LOAD ../../../../include_lib/newlib/pi32v2-lib/libcompiler_rt.a
START GROUP
LOAD ../../../../cpu/wl82/liba/event.a
LOAD ../../../../cpu/wl82/liba/system.a
LOAD ../../../../cpu/wl82/liba/fs.a
LOAD ../../../../cpu/wl82/liba/cfg_tool.a
LOAD ../../../../cpu/wl82/liba/cpu.a
LOAD ../../../../cpu/wl82/liba/update.a
LOAD ../../../../cpu/wl82/liba/common_lib.a
LOAD ../../../../cpu/wl82/liba/wl_rf_common.a
LOAD ../../../../cpu/wl82/liba/VirtualBass.a
LOAD ../../../../cpu/wl82/liba/lib_esco_repair.a
LOAD ../../../../cpu/wl82/liba/audio_server.a
LOAD ../../../../cpu/wl82/liba/echo_server.a
LOAD ../../../../cpu/wl82/liba/led_ui_server.a
LOAD ../../../../cpu/wl82/liba/lib_opus_enc.a
LOAD ../../../../cpu/wl82/liba/libspeex.a
LOAD ../../../../cpu/wl82/liba/libvad.a
LOAD ../../../../cpu/wl82/liba/lib_wma_dec.a
LOAD ../../../../cpu/wl82/liba/lib_ape_dec.a
LOAD ../../../../cpu/wl82/liba/lib_flac_dec.a
LOAD ../../../../cpu/wl82/liba/lib_mp3_dec.a
LOAD ../../../../cpu/wl82/liba/lib_mp3_enc.a
LOAD ../../../../cpu/wl82/liba/lib_wav_dec.a
LOAD ../../../../cpu/wl82/liba/lib_dts_dec.a
LOAD ../../../../cpu/wl82/liba/lib_opus_dec.a
LOAD ../../../../cpu/wl82/liba/lib_amr_dec.a
LOAD ../../../../cpu/wl82/liba/lib_amr_enc.a
LOAD ../../../../cpu/wl82/liba/lib_amrwb_enc.a
LOAD ../../../../cpu/wl82/liba/lib_adpcm_enc.a
LOAD ../../../../cpu/wl82/liba/lib_pitchshifter.a
LOAD ../../../../cpu/wl82/liba/lib_rmono2stereo.a
LOAD ../../../../cpu/wl82/liba/lib_reverb_cal.a
LOAD ../../../../cpu/wl82/liba/lib_howling.a
LOAD ../../../../cpu/wl82/liba/lib_pitch_speed.a
LOAD ../../../../cpu/wl82/liba/lib_roobo_fig.a
LOAD ../../../../cpu/wl82/liba/lib_roobo_aec.a
LOAD ../../../../cpu/wl82/liba/lib_wanson_asr.a
LOAD ../../../../cpu/wl82/liba/libaec.a
LOAD ../../../../cpu/wl82/liba/lib_dvad.a
LOAD ../../../../cpu/wl82/liba/libdns.a
LOAD ../../../../cpu/wl82/liba/libjlsp.a
LOAD ../../../../cpu/wl82/liba/libjlsp_kws_far_keyword.a
LOAD ../../../../cpu/wl82/liba/libkwscommon.a
LOAD ../../../../cpu/wl82/liba/lib_usb_syn.a
LOAD ../../../../cpu/wl82/liba/lib_spectrum_show.a
LOAD ../../../../cpu/wl82/liba/img_stitch.a
LOAD ../../../../cpu/wl82/liba/lib_ogg_vorbis_dec.a
LOAD ../../../../cpu/wl82/liba/media_app.a
LOAD ../../../../cpu/wl82/liba/libcompressor.a
LOAD ../../../../cpu/wl82/liba/lib_crossover_coff.a
LOAD ../../../../cpu/wl82/liba/libdrc.a
LOAD ../../../../cpu/wl82/liba/net_server.a
LOAD ../../../../cpu/wl82/liba/video_rec_server.a
LOAD ../../../../cpu/wl82/liba/aisIntlib_single_xiaoai.a
LOAD ../../../../cpu/wl82/liba/libaisp_single.a
LOAD ../../../../cpu/wl82/liba/libauth_aisp.a
LOAD ../../../../cpu/wl82/liba/libauth.a
LOAD ../../../../cpu/wl82/liba/lib_m4a_dec.a
LOAD ../../../../cpu/wl82/liba/lwip_2_1_3.a
LOAD ../../../../cpu/wl82/liba/wl_wifi_sta.a
LOAD ../../../../cpu/wl82/liba/lte_module.a
LOAD ../../../../cpu/wl82/liba/ai_server.a
LOAD ../../../../cpu/wl82/liba/zliblite.a
LOAD ../../../../cpu/wl82/liba/profile.a
LOAD ../../../../cpu/wl82/liba/stream_media_server.a
LOAD ../../../../cpu/wl82/liba/libmbedtls_2_2_1.a
LOAD ../../../../cpu/wl82/liba/wolfssl.a
LOAD ../../../../cpu/wl82/liba/wpasupplicant.a
LOAD ../../../../cpu/wl82/liba/hsm.a
LOAD ../../../../cpu/wl82/liba/http_cli.a
LOAD ../../../../cpu/wl82/liba/http_server.a
LOAD ../../../../cpu/wl82/liba/json.a
LOAD ../../../../cpu/wl82/liba/libduer-device.a
LOAD ../../../../cpu/wl82/liba/network_download.a
LOAD ../../../../cpu/wl82/liba/lib_mqtt.a
LOAD ../../../../cpu/wl82/liba/lib_sound_wave.a
LOAD ../../../../cpu/wl82/liba/libturing.a
LOAD ../../../../cpu/wl82/liba/libdui.a
LOAD ../../../../cpu/wl82/liba/libJlCloud.a
LOAD ../../../../cpu/wl82/liba/libecho_cloud.a
LOAD ../../../../cpu/wl82/liba/libmpeg.a
LOAD ../../../../cpu/wl82/liba/libdcl.a
LOAD ../../../../cpu/wl82/liba/libdlna.a
LOAD ../../../../cpu/wl82/liba/libqrcode.a
LOAD ../../../../cpu/wl82/liba/libwt.a
LOAD ../../../../cpu/wl82/liba/libvtbk.a
LOAD ../../../../cpu/wl82/liba/libtencent.a
LOAD ../../../../cpu/wl82/liba/websocket.a
LOAD ../../../../cpu/wl82/liba/iperf.a
LOAD ../../../../cpu/wl82/liba/tmallgenie.a
LOAD ../../../../cpu/wl82/liba/tmallgenie_todo.a
LOAD ../../../../cpu/wl82/liba/cJSON.a
LOAD ../../../../cpu/wl82/liba/ftpserver_new.a
LOAD ../../../../cpu/wl82/liba/http_server.a
LOAD ../../../../cpu/wl82/liba/btctrler.a
LOAD ../../../../cpu/wl82/liba/btstack.a
LOAD ../../../../cpu/wl82/liba/rcsp_stack.a
LOAD ../../../../cpu/wl82/liba/lib_ccm_aes.a
LOAD ../../../../cpu/wl82/liba/lib_sbc_eng.a
LOAD ../../../../cpu/wl82/liba/lib_sig_mesh.a
LOAD ../../../../cpu/wl82/liba/crypto_toolbox_Osize.a
END GROUP
LOAD ../../../../cpu/wl82/liba/video_dec_server.a
LOAD ../../../../cpu/wl82/liba/ui.a
LOAD ../../../../cpu/wl82/liba/res.a
LOAD ../../../../cpu/wl82/liba/font.a
LOAD ../../../../cpu/wl82/liba/ui_draw.a
LOAD ../../../../cpu/wl82/liba/libVolcEngineRTCLite.a
LOAD ../../../../cpu/wl82/liba/libcurl.a
                0x00000034                BOOT_INFO_SIZE = 0x34
                0x00000000                TLB_SIZE = 0x0
                0x00800000                SDRAM_SIZE = 0x800000
                0x0007fd4c                RAM0_SIZE = (((0x7fe00 - TLB_SIZE) - BOOT_INFO_SIZE) - 0x80)
                0x01c7fd80                UPDATA_BEG = 0x1c7fd80
                0x00000000                FREE_DACHE_WAY = 0x0
                0x00000000                FREE_IACHE_WAY = 0x0
                0x00000000                CACHE_RAM_SIZE = ((FREE_DACHE_WAY * 0x1000) + (FREE_IACHE_WAY * 0x1000))
                0x02000120                . = ORIGIN (rom)

.text           0x02000120   0x1f0e60
                0x02000120                _text_rodata_begin = .
                [!provide]                PROVIDE (text_rodata_begin, .)
 *startup.S.o(.text)
 .text          0x02000120       0xc4 ../../../../cpu/wl82/liba/cpu.a(startup.S.o)
                0x02000120                _start
                0x02000122                wait_if_breakpoint
                0x020001b8                cpu1_start
                0x020001cc                exception_irq_handler
 *(.boot_code)
 .boot_code     0x020001e4      0x294 ..\..\..\..\cpu\wl82\tools\sdk.elf.o
                0x02000226                boot_info_init
                0x02000272                boot_memmove
                0x02000394                boot_sdram_con_config
 *(.text*)
 .text          0x02000478   0x10a57c ..\..\..\..\cpu\wl82\tools\sdk.elf.o
                0x02001c36                exception_analyze
                0x02001fd0                sp_ovf_unen
                0x02001fe4                sp_ovf_en
                0x0201b954                __errno
                0x0201b95c                __rt_local_irq_disable
                0x0201b98c                __rt_local_irq_enable
                0x0201bb1e                cpu1_main
                0x0201c15c                main
                0x020235f6                update_result_get
 .text._ZN19SubbandNLMS_partialI9floatReal12floatComplexE15QueryBufferSizeEii
                0x0210a9f4       0x10 ..\..\..\..\cpu\wl82\tools\sdk.elf.o
 .text._ZN19MCRA_NoiseEstimatorI9floatRealE15QueryBufferSizeEi
                0x0210aa04        0xa ..\..\..\..\cpu\wl82\tools\sdk.elf.o
 .text._ZN34SingleChannelNoiseSuppressorInBarkI9floatReal12floatComplexE19QueryTempBufferSizeEii
                0x0210aa0e        0xe ..\..\..\..\cpu\wl82\tools\sdk.elf.o
 .text._ZN24WOLA_FilterBank_AnalyserI9floatReal12floatComplex11fixHalfRealEC2EPS0_iiiRK6VectorIS0_ER3FFTIS0_S1_E
                0x0210aa1c       0x5e ..\..\..\..\cpu\wl82\tools\sdk.elf.o
 .text._ZN19VectorCircularArrayI9floatRealEC2Ev
                0x0210aa7a        0xa ..\..\..\..\cpu\wl82\tools\sdk.elf.o
 .text._ZN27WOLA_FilterBank_SynthesizerI9floatReal12floatComplex11fixHalfRealEC2EPS0_iiiRK6VectorIS0_ER3FFTIS0_S1_E
                0x0210aa84       0x8e ..\..\..\..\cpu\wl82\tools\sdk.elf.o
 .text._Z22VectorTernaryOperationRKPFvRK6ScalarI9floatRealES3_RS1_ERK6VectorIS0_ESC_RSA_
                0x0210ab12       0x7e ..\..\..\..\cpu\wl82\tools\sdk.elf.o
 .text._Z15VectorMulScalarRK6VectorI9floatRealERK6ScalarIS0_ERS1_
                0x0210ab90        0xc ..\..\..\..\cpu\wl82\tools\sdk.elf.o
 .text._Z9VectorSetRK6ScalarI9floatRealER6VectorIS0_E
                0x0210ab9c        0xa ..\..\..\..\cpu\wl82\tools\sdk.elf.o
 .text._Z7powAprxI9floatRealEvRK6ScalarIT_ES5_RS3_
                0x0210aba6       0x28 ..\..\..\..\cpu\wl82\tools\sdk.elf.o
 .text._ZNK6MatrixI12floatComplexEclEiiii
                0x0210abce       0x3a ..\..\..\..\cpu\wl82\tools\sdk.elf.o
 .text._ZN19SubbandNLMS_partialI9floatReal12floatComplexEC2EPS0_iiRK6VectorIS0_ES7_
                0x0210ac08      0x10a ..\..\..\..\cpu\wl82\tools\sdk.elf.o
 .text._ZN19CoherenceCalculatorI9floatReal12floatComplexEC2EPS0_fi
                0x0210ad12       0x56 ..\..\..\..\cpu\wl82\tools\sdk.elf.o
 .text._ZN13dynamicVectorI12floatComplex9floatRealEC2ER9AllocatorIS1_Eii
                0x0210ad68       0x2c ..\..\..\..\cpu\wl82\tools\sdk.elf.o
 .text._ZN13dynamicVectorI9floatRealS0_EC2ER9AllocatorIS0_Eii
                0x0210ad94       0x28 ..\..\..\..\cpu\wl82\tools\sdk.elf.o
 .text._ZNK6VectorI12floatComplexEclERK10Vectorzone
                0x0210adbc       0x36 ..\..\..\..\cpu\wl82\tools\sdk.elf.o
 .text._ZNK6VectorI9floatRealEclERK10Vectorzone
                0x0210adf2       0x36 ..\..\..\..\cpu\wl82\tools\sdk.elf.o
 .text._ZN24WOLA_FilterBank_AnalyserI9floatReal12floatComplex11fixHalfRealE7AnalyseERK6VectorIS2_ERS4_IS1_ER9AllocatorIS0_E
                0x0210ae28      0x128 ..\..\..\..\cpu\wl82\tools\sdk.elf.o
 .text._Z12VectorGetMagRK6VectorI12floatComplexERS_I9floatRealE
                0x0210af50        0xa ..\..\..\..\cpu\wl82\tools\sdk.elf.o
 .text._Z9VectorMaxRK6ScalarI9floatRealER6VectorIS0_E
                0x0210af5a        0xc ..\..\..\..\cpu\wl82\tools\sdk.elf.o
 .text._Z22VectorRecursiveAverageRK6VectorI9floatRealERS1_RK6ScalarIS0_E
                0x0210af66        0xc ..\..\..\..\cpu\wl82\tools\sdk.elf.o
 .text._Z20VectorElementwiseMulRK6VectorI9floatRealES3_RS1_
                0x0210af72        0xa ..\..\..\..\cpu\wl82\tools\sdk.elf.o
 .text._Z9VectorMinRK6ScalarI9floatRealER6VectorIS0_E
                0x0210af7c        0xc ..\..\..\..\cpu\wl82\tools\sdk.elf.o
 .text._ZN19CoherenceCalculatorI9floatReal12floatComplexE9CalculateERK6VectorIS1_ES6_RS3_IS0_ER9AllocatorIS0_E
                0x0210af88       0x9a ..\..\..\..\cpu\wl82\tools\sdk.elf.o
 .text._Z11VectorMinusRK6VectorI9floatRealES3_RS1_
                0x0210b022        0xa ..\..\..\..\cpu\wl82\tools\sdk.elf.o
 .text._Z10VectorCopyRK6VectorI12floatComplexERS1_
                0x0210b02c        0xa ..\..\..\..\cpu\wl82\tools\sdk.elf.o
 .text._Z18MatrixAccessColumnRK6MatrixI12floatComplexER6VectorIS0_Ei
                0x0210b036       0x32 ..\..\..\..\cpu\wl82\tools\sdk.elf.o
 .text._Z25VectorMagRecursiveAverageRK6VectorI12floatComplexERS_I9floatRealERK6ScalarIS4_E
                0x0210b068        0xc ..\..\..\..\cpu\wl82\tools\sdk.elf.o
 .text._Z20VectorElementwiseMulRK6VectorI12floatComplexERKS_I9floatRealERS1_
                0x0210b074        0xa ..\..\..\..\cpu\wl82\tools\sdk.elf.o
 .text._Z10VectorPlusRK6VectorI9floatRealES3_RS1_
                0x0210b07e        0xa ..\..\..\..\cpu\wl82\tools\sdk.elf.o
 .text._ZN13dynamicVectorI12floatComplex9floatRealED2Ev
                0x0210b088       0x1c ..\..\..\..\cpu\wl82\tools\sdk.elf.o
 .text._ZN19SubbandNLMS_partialI9floatReal12floatComplexE7ProcessERK6VectorIS1_ES6_RS4_S7_R9AllocatorIS0_E
                0x0210b0a4      0x172 ..\..\..\..\cpu\wl82\tools\sdk.elf.o
 .text._Z12VectorDivideRK6VectorI9floatRealES3_RS1_RK6ScalarIS0_E
                0x0210b216        0xc ..\..\..\..\cpu\wl82\tools\sdk.elf.o
 .text._Z15VectorCompareBTRK6VectorI9floatRealES3_RS_IiE
                0x0210b222        0xa ..\..\..\..\cpu\wl82\tools\sdk.elf.o
 .text._Z10VectorCopyRK6VectorI9floatRealERS1_
                0x0210b22c        0xa ..\..\..\..\cpu\wl82\tools\sdk.elf.o
 .text._Z22VectorElementwiseShiftRK6VectorI9floatRealERS1_i
                0x0210b236        0xa ..\..\..\..\cpu\wl82\tools\sdk.elf.o
 .text._Z9VectorMinRK6VectorI9floatRealES3_RS1_
                0x0210b240        0xa ..\..\..\..\cpu\wl82\tools\sdk.elf.o
 .text._ZN19MCRA_NoiseEstimatorI9floatRealE8EstimateERK6VectorIS0_ERS3_R9AllocatorIS0_E
                0x0210b24a      0x1d2 ..\..\..\..\cpu\wl82\tools\sdk.elf.o
 .text._ZNK6VectorI9floatRealEclEiii
                0x0210b41c       0x3c ..\..\..\..\cpu\wl82\tools\sdk.elf.o
 .text._ZN34SingleChannelNoiseSuppressorInBarkI9floatReal12floatComplexE12CalcSuppressERK6VectorIS0_ES6_RS4_R9AllocatorIS0_E
                0x0210b458      0x1b0 ..\..\..\..\cpu\wl82\tools\sdk.elf.o
 .text._ZN19VectorCircularArrayI9floatRealEppEi
                0x0210b608       0x14 ..\..\..\..\cpu\wl82\tools\sdk.elf.o
 .text._ZN19VectorCircularArrayI9floatRealEmmEi
                0x0210b61c       0x1e ..\..\..\..\cpu\wl82\tools\sdk.elf.o
 .text._ZN27WOLA_FilterBank_SynthesizerI9floatReal12floatComplex11fixHalfRealE10SynthesizeERK6VectorIS1_ERS4_IS2_ER9AllocatorIS0_E
                0x0210b63a      0x11e ..\..\..\..\cpu\wl82\tools\sdk.elf.o
 .text._Z12logisticAprxI9floatRealEvRK6ScalarIT_ERS3_
                0x0210b758       0x28 ..\..\..\..\cpu\wl82\tools\sdk.elf.o
 .text._Z8magnAprxI12floatComplex9floatRealEvRK6ScalarIT_ERS2_IT0_E
                0x0210b780        0xa ..\..\..\..\cpu\wl82\tools\sdk.elf.o
 .text._ZN15StaticAllocatorI9floatRealE5allocEj
                0x0210b78a        0xc ..\..\..\..\cpu\wl82\tools\sdk.elf.o
 .text._ZN15StaticAllocatorI9floatRealE4freeEPS0_j
                0x0210b796        0x8 ..\..\..\..\cpu\wl82\tools\sdk.elf.o
 .text          0x0210b79e        0x0 obj/Release/include_lib/btctrler/version.z.o
 .text          0x0210b79e        0x0 obj/Release/include_lib/btstack/version.z.o
 .text          0x0210b79e        0x0 obj/Release/include_lib/driver/version.z.o
 .text          0x0210b79e        0x0 obj/Release/include_lib/media/version.z.o
 .text          0x0210b79e        0x0 obj/Release/include_lib/net/version.z.o
 .text          0x0210b79e        0x0 obj/Release/include_lib/server/version.z.o
 .text          0x0210b79e        0x0 obj/Release/include_lib/system/version.z.o
 .text          0x0210b79e        0x0 obj/Release/include_lib/update/version.z.o
 .text          0x0210b79e        0x0 obj/Release/include_lib/utils/version.z.o
 .text          0x0210b79e        0x0 obj/Release/lib/net/version.z.o
 .text          0x0210b79e        0x0 obj/Release/lib/server/version.z.o
 .text          0x0210b79e        0x0 obj/Release/lib/utils/version.z.o
 .text          0x0210b79e       0x10 ../../../../include_lib/newlib/pi32v2-lib/libc.a(lib_a-atoi.o)
                0x0210b79e                atoi
                0x0210b7a6                _atoi_r
 .text          0x0210b7ae        0xe ../../../../include_lib/newlib/pi32v2-lib/libc.a(lib_a-gmtime.o)
                0x0210b7ae                gmtime
 .text          0x0210b7bc      0x150 ../../../../include_lib/newlib/pi32v2-lib/libc.a(lib_a-gmtime_r.o)
                0x0210b7bc                gmtime_r
 .text          0x0210b90c        0x0 ../../../../include_lib/newlib/pi32v2-lib/libc.a(lib_a-impure.o)
 .text          0x0210b90c        0x4 ../../../../include_lib/newlib/pi32v2-lib/libc.a(lib_a-index.o)
                0x0210b90c                index
 .text          0x0210b910       0x38 ../../../../include_lib/newlib/pi32v2-lib/libc.a(lib_a-memcmp.o)
                0x0210b910                memcmp
 .text          0x0210b948       0x4e ../../../../include_lib/newlib/pi32v2-lib/libc.a(lib_a-rand.o)
                0x0210b948                srand
                0x0210b958                rand
 .text          0x0210b996        0x4 ../../../../include_lib/newlib/pi32v2-lib/libc.a(lib_a-rindex.o)
                0x0210b996                rindex
 .text          0x0210b99a       0x14 ../../../../include_lib/newlib/pi32v2-lib/libc.a(lib_a-strchr.o)
                0x0210b99a                strchr
 .text          0x0210b9ae       0xa0 ../../../../include_lib/newlib/pi32v2-lib/libc.a(lib_a-strcmp.o)
                0x0210b9ae                strcmp
 .text          0x0210ba4e       0x6e ../../../../include_lib/newlib/pi32v2-lib/libc.a(lib_a-strcpy.o)
                0x0210ba4e                strcpy
 .text          0x0210babc       0x24 ../../../../include_lib/newlib/pi32v2-lib/libc.a(lib_a-strcspn.o)
                0x0210babc                strcspn
 .text          0x0210bae0        0xc ../../../../include_lib/newlib/pi32v2-lib/libc.a(lib_a-strlen.o)
                0x0210bae0                strlen
 .text          0x0210baec       0x1a ../../../../include_lib/newlib/pi32v2-lib/libc.a(lib_a-strncmp.o)
                0x0210baec                strncmp
 .text          0x0210bb06       0x26 ../../../../include_lib/newlib/pi32v2-lib/libc.a(lib_a-strncpy.o)
                0x0210bb06                strncpy
 .text          0x0210bb2c       0x14 ../../../../include_lib/newlib/pi32v2-lib/libc.a(lib_a-strnlen.o)
                0x0210bb2c                strnlen
 .text          0x0210bb40       0x24 ../../../../include_lib/newlib/pi32v2-lib/libc.a(lib_a-strrchr.o)
                0x0210bb40                strrchr
 .text          0x0210bb64       0x24 ../../../../include_lib/newlib/pi32v2-lib/libc.a(lib_a-strspn.o)
                0x0210bb64                strspn
 .text          0x0210bb88       0x2a ../../../../include_lib/newlib/pi32v2-lib/libc.a(lib_a-strstr.o)
                0x0210bb88                strstr
 .text          0x0210bbb2       0x10 ../../../../include_lib/newlib/pi32v2-lib/libc.a(lib_a-strtok.o)
                0x0210bbb2                strtok
 .text          0x0210bbc2       0x54 ../../../../include_lib/newlib/pi32v2-lib/libc.a(lib_a-strtok_r.o)
                0x0210bbc2                __strtok_r
                0x0210bc12                strtok_r
 .text          0x0210bc16      0x108 ../../../../include_lib/newlib/pi32v2-lib/libc.a(lib_a-strtol.o)
                0x0210bc16                _strtol_r
                0x0210bd06                strtol
 .text          0x0210bd1e        0x0 ../../../../include_lib/newlib/pi32v2-lib/libc.a(lib_a-ctype_.o)
 .text          0x0210bd1e        0x0 ../../../../cpu/wl82/liba/event.a(version.z.o)
 .text          0x0210bd1e       0x78 ../../../../cpu/wl82/liba/system.a(port_asm.S.o)
                0x0210bd1e                vSoftwareInterruptISR
 .text          0x0210bd96        0x0 ../../../../cpu/wl82/liba/system.a(movable.S.o)
 .text          0x0210bd96        0x0 ../../../../cpu/wl82/liba/system.a(version.z.o)
 .text          0x0210bd96        0x0 ../../../../cpu/wl82/liba/fs.a(version.z.o)
 .text          0x0210bd96        0x0 ../../../../cpu/wl82/liba/cfg_tool.a(version.z.o)
 .text          0x0210bd96        0x0 ../../../../cpu/wl82/liba/cpu.a(version.z.o)
 .text          0x0210bd96        0x0 ../../../../cpu/wl82/liba/update.a(version.z.o)
 .text          0x0210bd96        0x0 ../../../../cpu/wl82/liba/common_lib.a(version.z.o)
 .text          0x0210bd96        0x0 ../../../../cpu/wl82/liba/wl_rf_common.a(version.z.o)
 .text          0x0210bd96        0x0 ../../../../cpu/wl82/liba/audio_server.a(version.z.o)
 .text          0x0210bd96        0x0 ../../../../cpu/wl82/liba/libvad.a(version.z.o)
 .text          0x0210bd96        0x0 ../../../../cpu/wl82/liba/lib_ape_dec.a(ape_dec_asm.o)
 .text          0x0210bd96        0x0 ../../../../cpu/wl82/liba/lib_dts_dec.a(dts_dec.o)
 .text          0x0210bd96        0x0 ../../../../cpu/wl82/liba/lib_adpcm_enc.a(en_adpcm_main.o)
 .text          0x0210bd96        0x0 ../../../../cpu/wl82/liba/lib_adpcm_enc.a(en_adpcm.o)
 .text          0x0210bd96        0x0 ../../../../cpu/wl82/liba/net_server.a(version.z.o)
 .text          0x0210bd96        0x0 ../../../../cpu/wl82/liba/video_rec_server.a(version.z.o)
 .text          0x0210bd96        0x0 ../../../../cpu/wl82/liba/lwip_2_1_3.a(version.z.o)
 .text          0x0210bd96        0x0 ../../../../cpu/wl82/liba/wl_wifi_sta.a(version.z.o)
 .text          0x0210bd96        0x0 ../../../../cpu/wl82/liba/zliblite.a(version.z.o)
 .text          0x0210bd96        0x0 ../../../../cpu/wl82/liba/profile.a(version.z.o)
 .text          0x0210bd96        0x0 ../../../../cpu/wl82/liba/stream_media_server.a(version.z.o)
 .text          0x0210bd96        0x0 ../../../../cpu/wl82/liba/libmbedtls_2_2_1.a(version.z.o)
 .text          0x0210bd96        0x0 ../../../../cpu/wl82/liba/wolfssl.a(version.z.o)
 .text          0x0210bd96        0x0 ../../../../cpu/wl82/liba/wpasupplicant.a(version.z.o)
 .text          0x0210bd96        0x0 ../../../../cpu/wl82/liba/hsm.a(version.z.o)
 .text          0x0210bd96        0x0 ../../../../cpu/wl82/liba/http_cli.a(version.z.o)
 .text          0x0210bd96        0x0 ../../../../cpu/wl82/liba/http_server.a(version.z.o)
 .text          0x0210bd96        0x0 ../../../../cpu/wl82/liba/json.a(version.z.o)
 .text          0x0210bd96        0x0 ../../../../cpu/wl82/liba/libduer-device.a(version.z.o)
 .text          0x0210bd96        0x0 ../../../../cpu/wl82/liba/network_download.a(version.z.o)
 .text          0x0210bd96        0x0 ../../../../cpu/wl82/liba/lib_mqtt.a(version.z.o)
 .text          0x0210bd96        0x0 ../../../../cpu/wl82/liba/libturing.a(version.z.o)
 .text          0x0210bd96        0x0 ../../../../cpu/wl82/liba/libdui.a(version.z.o)
 .text          0x0210bd96        0x0 ../../../../cpu/wl82/liba/libJlCloud.a(version.z.o)
 .text          0x0210bd96        0x0 ../../../../cpu/wl82/liba/libecho_cloud.a(version.z.o)
 .text          0x0210bd96        0x0 ../../../../cpu/wl82/liba/libmpeg.a(version.z.o)
 .text          0x0210bd96        0x0 ../../../../cpu/wl82/liba/libdcl.a(version.z.o)
 .text          0x0210bd96        0x0 ../../../../cpu/wl82/liba/libdlna.a(version.z.o)
 .text          0x0210bd96        0x0 ../../../../cpu/wl82/liba/libwt.a(version.z.o)
 .text          0x0210bd96        0x0 ../../../../cpu/wl82/liba/libtencent.a(version.z.o)
 .text          0x0210bd96        0x0 ../../../../cpu/wl82/liba/websocket.a(version.z.o)
 .text          0x0210bd96        0x0 ../../../../cpu/wl82/liba/iperf.a(version.z.o)
 .text          0x0210bd96        0x0 ../../../../cpu/wl82/liba/tmallgenie_todo.a(version.z.o)
 .text          0x0210bd96        0x0 ../../../../cpu/wl82/liba/cJSON.a(version.z.o)
 .text          0x0210bd96        0x0 ../../../../cpu/wl82/liba/ftpserver_new.a(version.z.o)
 .text          0x0210bd96        0x0 ../../../../cpu/wl82/liba/btctrler.a(version.z.o)
 .text          0x0210bd96        0x0 ../../../../cpu/wl82/liba/btstack.a(version.z.o)
 .text          0x0210bd96        0x0 ../../../../cpu/wl82/liba/lib_ccm_aes.a(version.z.o)
 .text          0x0210bd96        0x0 ../../../../cpu/wl82/liba/lib_sig_mesh.a(version.z.o)
 .text          0x0210bd96        0x0 ../../../../cpu/wl82/liba/crypto_toolbox_Osize.a(version.z.o)
 .text          0x0210bd96        0x0 ../../../../cpu/wl82/liba/video_dec_server.a(version.z.o)
 .text          0x0210bd96        0x0 ../../../../cpu/wl82/liba/ui.a(version.z.o)
 .text          0x0210bd96        0x0 ../../../../cpu/wl82/liba/res.a(version.z.o)
 .text          0x0210bd96        0x0 ../../../../cpu/wl82/liba/font.a(version.z.o)
 .text          0x0210bd96        0x0 ../../../../cpu/wl82/liba/ui_draw.a(version.z.o)
 .text          0x0210bd96      0x10c ../../../../include_lib/newlib/pi32v2-lib/libm.a(lib_a-s_ceil.o)
                0x0210bd96                ceil
 .text          0x0210bea2        0x4 ../../../../include_lib/newlib/pi32v2-lib/libm.a(lib_a-s_fabs.o)
                0x0210bea2                fabs
 .text          0x0210bea6       0x72 ../../../../include_lib/newlib/pi32v2-lib/libm.a(lib_a-sf_ceil.o)
                0x0210bea6                ceilf
 .text          0x0210bf18        0x4 ../../../../include_lib/newlib/pi32v2-lib/libm.a(lib_a-sf_fabs.o)
                0x0210bf18                fabsf
 .text          0x0210bf1c       0x62 ../../../../include_lib/newlib/pi32v2-lib/libm.a(lib_a-s_fpclassify.o)
                0x0210bf1c                __fpclassifyd
 .text          0x0210bf7e       0x2c ../../../../include_lib/newlib/pi32v2-lib/libm.a(lib_a-sf_trunc.o)
                0x0210bf7e                truncf
 .text          0x0210bfaa       0x8e ../../../../include_lib/newlib/pi32v2-lib/libm.a(lib_a-s_modf.o)
                0x0210bfaa                modf
 .text          0x0210c038        0x4 ../../../../include_lib/newlib/pi32v2-lib/libm.a(lib_a-w_exp.o)
                0x0210c038                exp
 .text          0x0210c03c        0x4 ../../../../include_lib/newlib/pi32v2-lib/libm.a(lib_a-w_log.o)
                0x0210c03c                log
 .text          0x0210c040        0x4 ../../../../include_lib/newlib/pi32v2-lib/libm.a(lib_a-w_pow.o)
                0x0210c040                pow
 .text          0x0210c044        0x4 ../../../../include_lib/newlib/pi32v2-lib/libm.a(lib_a-w_sqrt.o)
                0x0210c044                sqrt
 .text          0x0210c048      0x280 ../../../../include_lib/newlib/pi32v2-lib/libm.a(lib_a-e_exp.o)
                0x0210c048                __ieee754_exp
 .text          0x0210c2c8      0x31a ../../../../include_lib/newlib/pi32v2-lib/libm.a(lib_a-e_log.o)
                0x0210c2c8                __ieee754_log
 .text          0x0210c5e2      0x84a ../../../../include_lib/newlib/pi32v2-lib/libm.a(lib_a-e_pow.o)
                0x0210c5e2                __ieee754_pow
 .text          0x0210ce2c      0x148 ../../../../include_lib/newlib/pi32v2-lib/libm.a(lib_a-e_sqrt.o)
                0x0210ce2c                __ieee754_sqrt
 .text          0x0210cf74        0xa ../../../../include_lib/newlib/pi32v2-lib/libm.a(lib_a-s_nan.o)
                0x0210cf74                nan
 .text          0x0210cf7e       0xe2 ../../../../include_lib/newlib/pi32v2-lib/libm.a(lib_a-s_scalbn.o)
                0x0210cf7e                scalbn
 .text          0x0210d060       0x20 ../../../../include_lib/newlib/pi32v2-lib/libm.a(lib_a-s_copysign.o)
                0x0210d060                copysign
 .text          0x0210d080        0xa ../../../../include_lib/newlib/pi32v2-lib/libc.a(lib_a-bcopy.o)
                0x0210d080                bcopy
 .text          0x0210d08a       0x40 ../../../../include_lib/newlib/pi32v2-lib/libc.a(lib_a-bsearch.o)
                0x0210d08a                bsearch
 .text          0x0210d0ca       0x1a ../../../../include_lib/newlib/pi32v2-lib/libc.a(lib_a-islower.o)
                0x0210d0ca                islower
 .text          0x0210d0e4       0x12 ../../../../include_lib/newlib/pi32v2-lib/libc.a(lib_a-isspace.o)
                0x0210d0e4                isspace
 .text          0x0210d0f6       0x18 ../../../../include_lib/newlib/pi32v2-lib/libc.a(lib_a-memchr.o)
                0x0210d0f6                memchr
 .text          0x0210d10e       0xc2 ../../../../include_lib/newlib/pi32v2-lib/libc.a(lib_a-memcpy.o)
                0x0210d10e                memmove
                0x0210d10e                memcpy
 .text          0x0210d1d0       0x28 ../../../../include_lib/newlib/pi32v2-lib/libc.a(lib_a-memmem.o)
                0x0210d1d0                memmem
 .text          0x0210d1f8       0x2c ../../../../include_lib/newlib/pi32v2-lib/libc.a(lib_a-memset.o)
                0x0210d1f8                memset
 .text          0x0210d224      0x2ae ../../../../include_lib/newlib/pi32v2-lib/libc.a(lib_a-qsort.o)
                0x0210d28e                qsort
 .text          0x0210d4d2       0x3e ../../../../include_lib/newlib/pi32v2-lib/libc.a(lib_a-strcasecmp.o)
                0x0210d4d2                strcasecmp
 .text          0x0210d510       0x18 ../../../../include_lib/newlib/pi32v2-lib/libc.a(lib_a-strcat.o)
                0x0210d510                strcat
 .text          0x0210d528       0x46 ../../../../include_lib/newlib/pi32v2-lib/libc.a(lib_a-strncasecmp.o)
                0x0210d528                strncasecmp
 .text          0x0210d56e       0x36 ../../../../include_lib/newlib/pi32v2-lib/libc.a(lib_a-strpbrk.o)
                0x0210d56e                strpbrk
 .text          0x0210d5a4        0xa ../../../../include_lib/newlib/pi32v2-lib/libc.a(lib_a-strsep.o)
                0x0210d5a4                strsep
 .text          0x0210d5ae       0x1a ../../../../include_lib/newlib/pi32v2-lib/libc.a(lib_a-strtoll.o)
                0x0210d5ae                strtoll
 .text          0x0210d5c8      0x15c ../../../../include_lib/newlib/pi32v2-lib/libc.a(lib_a-strtoll_r.o)
                0x0210d5c8                _strtoll_r
 .text          0x0210d724       0xfe ../../../../include_lib/newlib/pi32v2-lib/libc.a(lib_a-strtoul.o)
                0x0210d724                _strtoul_r
                0x0210d80a                strtoul
 .text          0x0210d822       0x1e ../../../../include_lib/newlib/pi32v2-lib/libc.a(lib_a-tolower.o)
                0x0210d822                tolower
 .text          0x0210d840      0x30e ../../../../include_lib/newlib/pi32v2-lib/libcompiler_rt.a(adddf3.o)
                0x0210d86e                __adddf3
 .text          0x0210db4e      0x1b8 ../../../../include_lib/newlib/pi32v2-lib/libcompiler_rt.a(comparedf2.o)
                0x0210db4e                __cmpdf2
                0x0210db4e                __ledf2
                0x0210dbfe                __gedf2
                0x0210dca6                __unorddf2
                0x0210dce6                __eqdf2
                0x0210dcee                __ltdf2
                0x0210dcf6                __nedf2
                0x0210dcfe                __gtdf2
 .text          0x0210dd06      0x338 ../../../../include_lib/newlib/pi32v2-lib/libcompiler_rt.a(divdf3.o)
                0x0210dd2e                __divdf3
 .text          0x0210e03e       0x54 ../../../../include_lib/newlib/pi32v2-lib/libcompiler_rt.a(fixdfsi.o)
                0x0210e03e                __fixdfsi
 .text          0x0210e092       0x4c ../../../../include_lib/newlib/pi32v2-lib/libcompiler_rt.a(floatsidf.o)
                0x0210e092                __floatsidf
 .text          0x0210e0de      0x2ec ../../../../include_lib/newlib/pi32v2-lib/libcompiler_rt.a(muldf3.o)
                0x0210e106                __muldf3
 .text          0x0210e3ca        0xc ../../../../include_lib/newlib/pi32v2-lib/libcompiler_rt.a(subdf3.o)
                0x0210e3ca                __subdf3
 .text          0x0210e3d6       0x12 ../../../../include_lib/newlib/pi32v2-lib/libcompiler_rt.a(udivdi3.o)
                0x0210e3d6                __udivdi3
 .text          0x0210e3e8      0x226 ../../../../include_lib/newlib/pi32v2-lib/libcompiler_rt.a(udivmoddi4.o)
                0x0210e3e8                __udivmoddi4
 .text          0x0210e60e       0x16 ../../../../include_lib/newlib/pi32v2-lib/libcompiler_rt.a(umoddi3.o)
                0x0210e60e                __umoddi3
 .text          0x0210e624       0x5c ../../../../include_lib/newlib/pi32v2-lib/libcompiler_rt.a(divdi3.o)
                0x0210e624                __divdi3
 .text          0x0210e680       0x7a ../../../../include_lib/newlib/pi32v2-lib/libcompiler_rt.a(extendsfdf2.o)
                0x0210e680                __extendsfdf2
 .text          0x0210e6fa       0x3a ../../../../include_lib/newlib/pi32v2-lib/libcompiler_rt.a(floatdidf.o)
                0x0210e6fa                __floatdidf
 .text          0x0210e734       0x34 ../../../../include_lib/newlib/pi32v2-lib/libcompiler_rt.a(floatunsidf.o)
                0x0210e734                __floatunsidf
 .text          0x0210e768      0x146 ../../../../include_lib/newlib/pi32v2-lib/libcompiler_rt.a(truncdfsf2.o)
                0x0210e768                __truncdfsf2
 *(.rodata*)
 *fill*         0x0210e8ae        0x2 
 .rodata.str1.16
                0x0210e8b0     0x37e0 ..\..\..\..\cpu\wl82\tools\sdk.elf.o
                               0x37d6 (size before relaxing)
 .rodata.str1.1
                0x02112090     0x5783 ..\..\..\..\cpu\wl82\tools\sdk.elf.o
                               0x5825 (size before relaxing)
 *fill*         0x02117813       0x2d 
 .rodata        0x02117840    0x68220 ..\..\..\..\cpu\wl82\tools\sdk.elf.o
 .rodata.cst16  0x0217fa60       0x20 ..\..\..\..\cpu\wl82\tools\sdk.elf.o
 .rodata.cst32  0x0217fa80      0x100 ..\..\..\..\cpu\wl82\tools\sdk.elf.o
 .rodata.str4.4
                0x0217fb80       0x90 ..\..\..\..\cpu\wl82\tools\sdk.elf.o
 .rodata._ZTV15StaticAllocatorI9floatRealE
                0x0217fc10       0x10 ..\..\..\..\cpu\wl82\tools\sdk.elf.o
 .rodata.cst8   0x0217fc20       0x10 ..\..\..\..\cpu\wl82\tools\sdk.elf.o
 .rodata.str4.16
                0x0217fc30       0x20 ..\..\..\..\cpu\wl82\tools\sdk.elf.o
                                 0x18 (size before relaxing)
 .rodata        0x0217fc50        0x4 ../../../../include_lib/newlib/pi32v2-lib/libc.a(lib_a-impure.o)
                0x0217fc50                _global_impure_ptr
 .rodata.str1.1
                0x0217fc54        0x0 ../../../../include_lib/newlib/pi32v2-lib/libc.a(lib_a-impure.o)
                                  0x2 (size before relaxing)
 .rodata        0x0217fc54      0x281 ../../../../include_lib/newlib/pi32v2-lib/libc.a(lib_a-ctype_.o)
                0x0217fdd4                _ctype_
 *fill*         0x0217fed5        0x3 
 .rodata.cst16  0x0217fed8       0x30 ../../../../include_lib/newlib/pi32v2-lib/libm.a(lib_a-e_exp.o)
 .rodata.str1.1
                0x0217ff08        0x0 ../../../../include_lib/newlib/pi32v2-lib/libm.a(lib_a-e_pow.o)
                                  0x1 (size before relaxing)
 .rodata.cst16  0x0217ff08       0x30 ../../../../include_lib/newlib/pi32v2-lib/libm.a(lib_a-e_pow.o)
 *(.LOG_TAG_CONST*)
 *(.fat_data_code)
 .fat_data_code
                0x0217ff38      0x9b4 ..\..\..\..\cpu\wl82\tools\sdk.elf.o
                0x021808ec                . = ALIGN (0x4)
 *(.update_const)
 .update_const  0x021808ec      0x136 ..\..\..\..\cpu\wl82\tools\sdk.elf.o
 *(.update_code)
 .update_code   0x02180a22     0x18aa ..\..\..\..\cpu\wl82\tools\sdk.elf.o
 *(.bt_updata_ram_code)
                0x021822cc                . = ALIGN (0x4)
                0x021822cc                __VERSION_BEGIN = .
 *(.sys.version)
 .sys.version   0x021822cc       0x1a obj/Release/include_lib/btctrler/version.z.o
 .sys.version   0x021822e6       0x19 obj/Release/include_lib/btstack/version.z.o
                0x021822e6                include_lib_btstack_version
 .sys.version   0x021822ff       0x18 obj/Release/include_lib/driver/version.z.o
                0x021822ff                include_lib_driver_version
 .sys.version   0x02182317       0x17 obj/Release/include_lib/media/version.z.o
                0x02182317                include_lib_media_version
 .sys.version   0x0218232e       0x15 obj/Release/include_lib/net/version.z.o
                0x0218232e                include_lib_net_version
 .sys.version   0x02182343       0x18 obj/Release/include_lib/server/version.z.o
                0x02182343                include_lib_server_version
 .sys.version   0x0218235b       0x18 obj/Release/include_lib/system/version.z.o
                0x0218235b                include_lib_system_version
 .sys.version   0x02182373       0x18 obj/Release/include_lib/update/version.z.o
                0x02182373                include_lib_update_version
 .sys.version   0x0218238b       0x17 obj/Release/include_lib/utils/version.z.o
                0x0218238b                include_lib_utils_version
 .sys.version   0x021823a2        0xe obj/Release/lib/net/version.z.o
                0x021823a2                lib_net_version
 .sys.version   0x021823b0       0x10 obj/Release/lib/server/version.z.o
                0x021823b0                lib_server_version
 .sys.version   0x021823c0        0xf obj/Release/lib/utils/version.z.o
                0x021823c0                lib_utils_version
 .sys.version   0x021823cf        0x0 ../../../../cpu/wl82/liba/event.a(version.z.o)
                0x021823cf                lib_event_version
 .sys.version   0x021823cf       0x10 ../../../../cpu/wl82/liba/system.a(version.z.o)
                0x021823cf                lib_system_version
 .sys.version   0x021823df        0x0 ../../../../cpu/wl82/liba/fs.a(version.z.o)
                0x021823df                lib_fs_version
 .sys.version   0x021823df        0x0 ../../../../cpu/wl82/liba/cfg_tool.a(version.z.o)
                0x021823df                lib_cfg_tool_version
 .sys.version   0x021823df       0x11 ../../../../cpu/wl82/liba/cpu.a(version.z.o)
                0x021823df                lib_driver_version
 .sys.version   0x021823f0       0x10 ../../../../cpu/wl82/liba/update.a(version.z.o)
                0x021823f0                lib_update_version
 .sys.version   0x02182400        0x0 ../../../../cpu/wl82/liba/common_lib.a(version.z.o)
                0x02182400                lib_common_version
 .sys.version   0x02182400        0x0 ../../../../cpu/wl82/liba/wl_rf_common.a(version.z.o)
                0x02182400                lib_wl82_rf_version
 .sys.version   0x02182400        0x0 ../../../../cpu/wl82/liba/audio_server.a(version.z.o)
                0x02182400                lib_audio_server_version
 .sys.version   0x02182400        0x0 ../../../../cpu/wl82/liba/libvad.a(version.z.o)
                0x02182400                lib_device_vad_version
 .sys.version   0x02182400        0x0 ../../../../cpu/wl82/liba/net_server.a(version.z.o)
                0x02182400                lib_net_server_version
 .sys.version   0x02182400        0x0 ../../../../cpu/wl82/liba/video_rec_server.a(version.z.o)
                0x02182400                lib_video_rec_version
 .sys.version   0x02182400        0x0 ../../../../cpu/wl82/liba/lwip_2_1_3.a(version.z.o)
                0x02182400                lib_lwip_2_1_3_version
 .sys.version   0x02182400        0x0 ../../../../cpu/wl82/liba/wl_wifi_sta.a(version.z.o)
                0x02182400                lib_wifi_version
 .sys.version   0x02182400        0x0 ../../../../cpu/wl82/liba/zliblite.a(version.z.o)
                0x02182400                lib_zliblite_version
 .sys.version   0x02182400        0x0 ../../../../cpu/wl82/liba/profile.a(version.z.o)
                0x02182400                lib_profile_version
 .sys.version   0x02182400        0x0 ../../../../cpu/wl82/liba/stream_media_server.a(version.z.o)
                0x02182400                lib_media_server_version
 .sys.version   0x02182400        0x0 ../../../../cpu/wl82/liba/libmbedtls_2_2_1.a(version.z.o)
                0x02182400                lib_mbedtls_2_2_1_version
 .sys.version   0x02182400        0x0 ../../../../cpu/wl82/liba/wolfssl.a(version.z.o)
                0x02182400                lib_wolfssl_version
 .sys.version   0x02182400        0x0 ../../../../cpu/wl82/liba/wpasupplicant.a(version.z.o)
                0x02182400                lib_wpa_supplicant_version
 .sys.version   0x02182400        0x0 ../../../../cpu/wl82/liba/hsm.a(version.z.o)
                0x02182400                lib_hsm_version
 .sys.version   0x02182400        0x0 ../../../../cpu/wl82/liba/http_cli.a(version.z.o)
                0x02182400                lib_httpcli_version
 .sys.version   0x02182400        0x0 ../../../../cpu/wl82/liba/http_server.a(version.z.o)
                0x02182400                lib_http_server_version
 .sys.version   0x02182400        0x0 ../../../../cpu/wl82/liba/json.a(version.z.o)
                0x02182400                lib_json_c_version
 .sys.version   0x02182400        0x0 ../../../../cpu/wl82/liba/libduer-device.a(version.z.o)
                0x02182400                lib_duer_version
 .sys.version   0x02182400        0x0 ../../../../cpu/wl82/liba/network_download.a(version.z.o)
                0x02182400                lib_network_download_version
 .sys.version   0x02182400        0x0 ../../../../cpu/wl82/liba/lib_mqtt.a(version.z.o)
                0x02182400                lib_mqtt_version
 .sys.version   0x02182400        0x0 ../../../../cpu/wl82/liba/libturing.a(version.z.o)
                0x02182400                lib_turing_version
 .sys.version   0x02182400        0x0 ../../../../cpu/wl82/liba/libdui.a(version.z.o)
                0x02182400                lib_dui_version
 .sys.version   0x02182400        0x0 ../../../../cpu/wl82/liba/libJlCloud.a(version.z.o)
                0x02182400                lib_jl_cloud_version
 .sys.version   0x02182400        0x0 ../../../../cpu/wl82/liba/libecho_cloud.a(version.z.o)
                0x02182400                lib_echocloud_version
 .sys.version   0x02182400        0x0 ../../../../cpu/wl82/liba/libmpeg.a(version.z.o)
                0x02182400                lib_mpeg_version
 .sys.version   0x02182400        0x0 ../../../../cpu/wl82/liba/libdcl.a(version.z.o)
                0x02182400                lib_dcl_version
 .sys.version   0x02182400        0x0 ../../../../cpu/wl82/liba/libdlna.a(version.z.o)
                0x02182400                lib_dlna_version
 .sys.version   0x02182400        0x0 ../../../../cpu/wl82/liba/libwt.a(version.z.o)
                0x02182400                lib_wt_version
 .sys.version   0x02182400        0x0 ../../../../cpu/wl82/liba/libtencent.a(version.z.o)
                0x02182400                lib_tencent_version
 .sys.version   0x02182400        0x0 ../../../../cpu/wl82/liba/websocket.a(version.z.o)
                0x02182400                lib_websocket_version
 .sys.version   0x02182400        0x0 ../../../../cpu/wl82/liba/iperf.a(version.z.o)
                0x02182400                lib_iperf_version
 .sys.version   0x02182400        0x0 ../../../../cpu/wl82/liba/tmallgenie_todo.a(version.z.o)
                0x02182400                lib_tmallgenie_version
 .sys.version   0x02182400        0x0 ../../../../cpu/wl82/liba/cJSON.a(version.z.o)
                0x02182400                lib_cjson_version
 .sys.version   0x02182400        0x0 ../../../../cpu/wl82/liba/ftpserver_new.a(version.z.o)
                0x02182400                lib_ftpserver_version
 .sys.version   0x02182400       0x12 ../../../../cpu/wl82/liba/btctrler.a(version.z.o)
                0x02182400                lib_btctler_version
 .sys.version   0x02182412       0x11 ../../../../cpu/wl82/liba/btstack.a(version.z.o)
                0x02182412                lib_btstack_version
 .sys.version   0x02182423        0x0 ../../../../cpu/wl82/liba/lib_ccm_aes.a(version.z.o)
                0x02182423                lib_crcm_version
 .sys.version   0x02182423        0x0 ../../../../cpu/wl82/liba/lib_sig_mesh.a(version.z.o)
                0x02182423                lib_btmesh_version
 .sys.version   0x02182423        0x0 ../../../../cpu/wl82/liba/crypto_toolbox_Osize.a(version.z.o)
                0x02182423                lib_cryto_toolbox_version
 .sys.version   0x02182423        0x0 ../../../../cpu/wl82/liba/video_dec_server.a(version.z.o)
                0x02182423                lib_video_dec_version
 .sys.version   0x02182423        0x0 ../../../../cpu/wl82/liba/ui.a(version.z.o)
                0x02182423                lib_ui_version
 .sys.version   0x02182423        0x0 ../../../../cpu/wl82/liba/res.a(version.z.o)
                0x02182423                lib_res_version
 .sys.version   0x02182423        0x0 ../../../../cpu/wl82/liba/font.a(version.z.o)
                0x02182423                lib_font_version
 .sys.version   0x02182423        0x0 ../../../../cpu/wl82/liba/ui_draw.a(version.z.o)
                0x02182423                lib_ui_draw_version
                0x02182423                __VERSION_END = .
                0x02182423                crypto_begin = .
 *(.crypto_ecdh_code)
 *(.crypto_ecdh_const)
 *(.crypto_bigint_code)
 *fill*         0x02182423        0x1 
 .crypto_bigint_code
                0x02182424      0x426 ..\..\..\..\cpu\wl82\tools\sdk.elf.o
 *(.crypto_bigint_const)
 *(.crypto_code)
 .crypto_code   0x0218284a      0x42e ..\..\..\..\cpu\wl82\tools\sdk.elf.o
 *(.crypto_const)
 .crypto_const  0x02182c78      0x171 ..\..\..\..\cpu\wl82\tools\sdk.elf.o
 *(.ECDH_sample_code)
 *(.ECDH_sample_const)
 *(.uECC_code)
 *fill*         0x02182de9        0x1 
 .uECC_code     0x02182dea      0xc16 ..\..\..\..\cpu\wl82\tools\sdk.elf.o
 *(.uECC_const)
 .uECC_const    0x02183a00       0xb0 ..\..\..\..\cpu\wl82\tools\sdk.elf.o
 *(.hmac_code)
 .hmac_code     0x02183ab0      0x41c ..\..\..\..\cpu\wl82\tools\sdk.elf.o
 *(.hmac_const)
 *(.hash_sample_code)
 *(.hash_sample_const)
 *(.aes_cmac_sample_code)
 *(.aes_cmac_sample_const)
                0x02183ecc                crypto_end = .
                0x00001aa9                crypto_size = (. - crypto_begin)
 *(.jlsp_code)
 .jlsp_code     0x02183ecc     0x255c ..\..\..\..\cpu\wl82\tools\sdk.elf.o
                0x02186428                . = ALIGN (0x4)
 *(.jlsp_const)
 .jlsp_const    0x02186428      0x484 ..\..\..\..\cpu\wl82\tools\sdk.elf.o
                0x021868ac                . = ALIGN (0x4)
 *(.dns_common_data)
 .dns_common_data
                0x021868ac     0x4e00 ..\..\..\..\cpu\wl82\tools\sdk.elf.o
                0x0218b6ac                . = ALIGN (0x4)
 *(.dns_16k_data)
 .dns_16k_data  0x0218b6ac     0x3700 ..\..\..\..\cpu\wl82\tools\sdk.elf.o
                0x0218edac                . = ALIGN (0x4)
 *(.dns_8k_data)
 .dns_8k_data   0x0218edac     0x3700 ..\..\..\..\cpu\wl82\tools\sdk.elf.o
                0x021924ac                . = ALIGN (0x4)
 *(.dns_param_data_single)
 .dns_param_data_single
                0x021924ac      0x1f8 ..\..\..\..\cpu\wl82\tools\sdk.elf.o
                0x021926a4                . = ALIGN (0x4)
 *(.dns_param_data_dual)
 *(.sms_code)
 .sms_code      0x021926a4      0x7da ..\..\..\..\cpu\wl82\tools\sdk.elf.o
 *(.sms_sparse_code)
 .sms_sparse_code
                0x02192e7e      0x76a ..\..\..\..\cpu\wl82\tools\sdk.elf.o
                0x021935e8                . = ALIGN (0x4)
 *(.opcore_maskrom)
 .opcore_maskrom
                0x021935e8      0x768 ..\..\..\..\cpu\wl82\tools\sdk.elf.o
                0x02193d50                . = ALIGN (0x4)
 *(.sms_const)
 .sms_const     0x02193d50        0x8 ..\..\..\..\cpu\wl82\tools\sdk.elf.o
 *(.adpcm_encode_code)
 .adpcm_encode_code
                0x02193d58      0x508 ../../../../cpu/wl82/liba/lib_adpcm_enc.a(en_adpcm.o)
                0x02193dce                adpcm_coder
 *(.adpcm_encode_sparse_code)
 .adpcm_encode_sparse_code
                0x02194260      0x17a ../../../../cpu/wl82/liba/lib_adpcm_enc.a(en_adpcm_main.o)
                0x021943d2                get_msenadpcm_ops
 *(.adpcm_encode_const)
 *fill*         0x021943da        0x2 
 .adpcm_encode_const
                0x021943dc       0x18 ../../../../cpu/wl82/liba/lib_adpcm_enc.a(en_adpcm_main.o)
                0x021943dc                msadpcmcontobj_ops
 .adpcm_encode_const
                0x021943f4       0x78 ../../../../cpu/wl82/liba/lib_adpcm_enc.a(en_adpcm.o)
                0x021943f4                ms_AdaptCoeff1
                0x02194410                ms_AdaptCoeff2
 *(.adpcm_encode_sparse_const)
 *(.dts_dec_code)
 .dts_dec_code  0x0219446c     0x14c8 ..\..\..\..\cpu\wl82\tools\sdk.elf.o
 .dts_dec_code  0x02195934      0x158 ../../../../cpu/wl82/liba/lib_dts_dec.a(dts_dec.o)
                0x02195934                qmf_32_subbands
 *(.dts_dec_const)
 .dts_dec_const
                0x02195a8c     0x9100 ..\..\..\..\cpu\wl82\tools\sdk.elf.o
 *(.dts_dec_ff_const)
 .dts_dec_ff_const
                0x0219eb8c    0x11000 ..\..\..\..\cpu\wl82\tools\sdk.elf.o
 *(.dts_dec_sparse_code)
 .dts_dec_sparse_code
                0x021afb8c      0x280 ..\..\..\..\cpu\wl82\tools\sdk.elf.o
 *(.dts_dec_sparse_const)
 *(.wtgv2dec_code)
 .wtgv2dec_code
                0x021afe0c     0x2062 ..\..\..\..\cpu\wl82\tools\sdk.elf.o
 *(.wtg_decv2_sparse_code)
 .wtg_decv2_sparse_code
                0x021b1e6e      0x1e6 ..\..\..\..\cpu\wl82\tools\sdk.elf.o
 *(.wtgv2dec_const)
 .wtgv2dec_const
                0x021b2054     0x1580 ..\..\..\..\cpu\wl82\tools\sdk.elf.o
 *(.wtgv2dec_str)
 .wtgv2dec_str  0x021b35d4        0x6 ..\..\..\..\cpu\wl82\tools\sdk.elf.o
 *(.mp3_dec_sparse_code)
 .mp3_dec_sparse_code
                0x021b35da     0x1918 ..\..\..\..\cpu\wl82\tools\sdk.elf.o
 *(.mp3_dec_sparse_const)
 *(.mp3_dec_code)
 .mp3_dec_code  0x021b4ef2     0x2ee6 ..\..\..\..\cpu\wl82\tools\sdk.elf.o
 *(.mp3_dec_const)
 .mp3_dec_const
                0x021b7dd8     0x290a ..\..\..\..\cpu\wl82\tools\sdk.elf.o
 *(.flac_dec_sparse_code)
 .flac_dec_sparse_code
                0x021ba6e2      0x538 ..\..\..\..\cpu\wl82\tools\sdk.elf.o
 *(.flac_dec_sparse_const)
 *(.flac_dec_code)
 .flac_dec_code
                0x021bac1a     0x17de ..\..\..\..\cpu\wl82\tools\sdk.elf.o
 *(.flac_dec_const)
 .flac_dec_const
                0x021bc3f8      0x12c ..\..\..\..\cpu\wl82\tools\sdk.elf.o
 *(.compressor_sparse_code)
 *(.compressor_sparse_const)
 *(.limiter_sparse_code)
 *(.limiter_sparse_const)
 *(.crossOver_sparse_const)
 *(.limiter_code)
 *(.limiter_const)
 *(.compressor_code)
 *(.compressor_const)
 *(.crossOver_sparse_code)
 .crossOver_sparse_code
                0x021bc524      0x69a ..\..\..\..\cpu\wl82\tools\sdk.elf.o
 *(.wav_dec_sparse_code)
 .wav_dec_sparse_code
                0x021bcbbe      0x6c0 ..\..\..\..\cpu\wl82\tools\sdk.elf.o
 *(.wav_dec_sparse_const)
 *(.wav_dec_code)
 .wav_dec_code  0x021bd27e     0x160a ..\..\..\..\cpu\wl82\tools\sdk.elf.o
 *(.wav_dec_const)
 .wav_dec_const
                0x021be888      0x228 ..\..\..\..\cpu\wl82\tools\sdk.elf.o
 *(.ape_dec_code)
 .ape_dec_code  0x021beab0     0x13ee ..\..\..\..\cpu\wl82\tools\sdk.elf.o
 *fill*         0x021bfe9e        0x2 
 .ape_dec_code  0x021bfea0      0x274 ../../../../cpu/wl82/liba/lib_ape_dec.a(ape_dec_asm.o)
                0x021bfea0                do_apply_filter
                0x021bff90                predictor_decode_stereo
 *(.ape_dec_const)
 .ape_dec_const
                0x021c0114      0x17c ..\..\..\..\cpu\wl82\tools\sdk.elf.o
 *(.ape_dec_sparse_code)
 .ape_dec_sparse_code
                0x021c0290      0x64c ..\..\..\..\cpu\wl82\tools\sdk.elf.o
 *(.ape_dec_sparse_const)
 *(.bt_audioplc_code)
 .bt_audioplc_code
                0x021c08dc      0x456 ..\..\..\..\cpu\wl82\tools\sdk.elf.o
 *(.bt_audioplc_sparse_code)
 .bt_audioplc_sparse_code
                0x021c0d32       0x2c ..\..\..\..\cpu\wl82\tools\sdk.elf.o
 *(.bt_audioplc_const)
 *fill*         0x021c0d5e        0x2 
 .bt_audioplc_const
                0x021c0d60        0xc ..\..\..\..\cpu\wl82\tools\sdk.elf.o
 *(.plc_code)
 *(.plc_const)
 *(.sbc_eng_code)
 .sbc_eng_code  0x021c0d6c       0xc4 ..\..\..\..\cpu\wl82\tools\sdk.elf.o
                0x021c0e30                . = ALIGN (0x4)
                0x021c0e30                btctler_code_start = .
                0x021c0e30                BTCTLER_CONTROLLER_CODE_START = .
 *(.bt_rf_const)
 .bt_rf_const   0x021c0e30      0x240 ..\..\..\..\cpu\wl82\tools\sdk.elf.o
 *(.bt_rf_code)
 .bt_rf_code    0x021c1070      0x468 ..\..\..\..\cpu\wl82\tools\sdk.elf.o
 *(.vendor_manager_const)
 *(.vendor_manager_code)
 *(.device_manager_const)
 *(.device_manager_code)
 *(.hci_controller_const)
 .hci_controller_const
                0x021c14d8       0x28 ..\..\..\..\cpu\wl82\tools\sdk.elf.o
 *(.hci_controller_code)
 .hci_controller_code
                0x021c1500      0x94c ..\..\..\..\cpu\wl82\tools\sdk.elf.o
 *(.hci_interface_const)
 *(.hci_interface_code)
                0x0000101c                BTCTLER_CONTROLLER_CODE_SIZE = ABSOLUTE ((. - BTCTLER_CONTROLLER_CODE_START))
                0x021c1e4c                BTCTLER_LE_CONTROLLER_CODE_START = .
 *(.ble_rf_const)
 .ble_rf_const  0x021c1e4c       0x28 ..\..\..\..\cpu\wl82\tools\sdk.elf.o
 *(.ble_rf_code)
 .ble_rf_code   0x021c1e74     0x41cc ..\..\..\..\cpu\wl82\tools\sdk.elf.o
 *(.ble_ll_const)
 .ble_ll_const  0x021c6040       0xf0 ..\..\..\..\cpu\wl82\tools\sdk.elf.o
 *(.ble_ll_code)
 .ble_ll_code   0x021c6130     0x4258 ..\..\..\..\cpu\wl82\tools\sdk.elf.o
 *(.ble_hci_const)
 .ble_hci_const
                0x021ca388       0x19 ..\..\..\..\cpu\wl82\tools\sdk.elf.o
 *(.ble_hci_code)
 *fill*         0x021ca3a1        0x1 
 .ble_hci_code  0x021ca3a2      0x770 ..\..\..\..\cpu\wl82\tools\sdk.elf.o
                0x00008cc6                BTCTLER_LE_CONTROLLER_CODE_SIZE = ABSOLUTE ((. - BTCTLER_LE_CONTROLLER_CODE_START))
                0x021cab12                BTCTLER_CL_CODE_START = .
 *(.bredr_irq)
 *(.bredr_irq_code)
 *(.bredr_irq_const)
 *(.classic_lmp_const)
 .classic_lmp_const
                0x021cab12       0x14 ..\..\..\..\cpu\wl82\tools\sdk.elf.o
 *(.classic_lmp_linkbulk_const)
 *(.classic_lmp_code)
 .classic_lmp_code
                0x021cab26     0x9884 ..\..\..\..\cpu\wl82\tools\sdk.elf.o
 *(.classic_lmp_linkbulk_code)
 *(.classic_hci_const)
 *(.classic_hci_code)
                0x021d43aa                LMP_ENC_CODE_START = .
 *(.classic_lmp_auth_const)
 .classic_lmp_auth_const
                0x021d43aa      0x4f0 ..\..\..\..\cpu\wl82\tools\sdk.elf.o
 *(.classic_lmp_bigint_const)
 *(.classic_lmp_crypt_const)
 *(.classic_lmp_ecdh_const)
 *(.classic_lmp_hmac_const)
 *(.classic_lmp_auth_code)
 .classic_lmp_auth_code
                0x021d489a      0x73e ..\..\..\..\cpu\wl82\tools\sdk.elf.o
 *(.classic_lmp_bigint_code)
 *(.classic_lmp_crypt_code)
 *(.classic_lmp_ecdh_code)
 *(.classic_lmp_hmac_code)
                0x00000c2e                LMP_ENC_CODE_SIZE = ABSOLUTE ((. - LMP_ENC_CODE_START))
 *(.classic_rf_const)
 .classic_rf_const
                0x021d4fd8      0x741 ..\..\..\..\cpu\wl82\tools\sdk.elf.o
 *(.classic_rf_code)
 *fill*         0x021d5719        0x1 
 .classic_rf_code
                0x021d571a     0x6650 ..\..\..\..\cpu\wl82\tools\sdk.elf.o
 *(.classic_bb_const)
 *(.classic_bb_code)
                0x00011258                BTCTLER_CL_CODE_SIZE = ABSOLUTE ((. - BTCTLER_CL_CODE_START))
                0x021dbd6c                . = ALIGN (0x4)
 *fill*         0x021dbd6a        0x2 
 *(.classic_tws_const)
 *(.classic_tws_code)
 .classic_tws_code
                0x021dbd6c       0x1a ..\..\..\..\cpu\wl82\tools\sdk.elf.o
 *(.classic_tws_code.esco)
 *(.tws_media_sync_code)
 *(.tws_media_sync_const)
 *(.tws_data_forward_code)
 *(.tws_data_forward_const)
                0x021dbd88                . = ALIGN (0x4)
 *fill*         0x021dbd86        0x2 
                0x021dbd88                tws_func_stub_begin = .
 *(.tws_func_stub)
 .tws_func_stub
                0x021dbd88        0x8 ..\..\..\..\cpu\wl82\tools\sdk.elf.o
                0x021dbd90                tws_func_stub_end = .
 *(.lmp_irq_code)
 .lmp_irq_code  0x021dbd90      0x254 ..\..\..\..\cpu\wl82\tools\sdk.elf.o
 *(.link_bulk_code)
 .link_bulk_code
                0x021dbfe4      0x6c0 ..\..\..\..\cpu\wl82\tools\sdk.elf.o
 *(.frame_irq_code)
                0x021dc6a4                . = ALIGN (0x4)
 *(.link_task_const)
 .link_task_const
                0x021dc6a4        0x8 ..\..\..\..\cpu\wl82\tools\sdk.elf.o
 *(.link_task_code)
 .link_task_code
                0x021dc6ac      0xb86 ..\..\..\..\cpu\wl82\tools\sdk.elf.o
                0x021dd234                . = ALIGN (0x4)
 *fill*         0x021dd232        0x2 
 *(.classic_irq_const)
 *(.classic_irq_code)
                0x021dd234                . = ALIGN (0x4)
 *(.tws_irq_code)
                0x021dd234                . = ALIGN (0x4)
                0x021dd234                tws_sync_call_begin = .
 *(.tws_sync_call)
                0x021dd234                tws_sync_call_end = .
                0x021dd234                . = ALIGN (0x4)
                0x021dd234                tws_sync_channel_begin = .
 *(.tws_sync_channel.0)
 *(.tws_sync_channel.1)
 *(.tws_sync_channel.2)
 *(.tws_sync_channel.3)
 *(.tws_sync_channel.4)
 *(.tws_sync_channel.5)
 *(.tws_sync_channel.6)
 *(.tws_sync_channel.7)
 *(.tws_sync_channel.8)
 *(.tws_sync_channel.9)
 *(.tws_sync_channel.10)
 *(.tws_sync_channel.11)
 *(.tws_sync_channel.12)
 *(.tws_sync_channel.13)
                0x021dd234                tws_sync_channel_end = .
                0x021dd234                btctler_code_end = .
                0x021dd234                . = ALIGN (0x4)
                0x021dd234                . = ALIGN (0x4)
                0x021dd234                btstack_code_start = .
                0x021dd234                . = ALIGN (0x4)
                0x021dd234                a2dp_source_media_codec_begin = .
 *(.a2dp_source_media_codec)
 .a2dp_source_media_codec
                0x021dd234       0x30 ..\..\..\..\cpu\wl82\tools\sdk.elf.o
                0x021dd234                a2dp_source_jla_codec
                0x021dd24c                a2dp_source_sbc_codec
                0x021dd264                a2dp_source_media_codec_end = .
                0x021dd264                a2dp_sink_media_probe_begin = .
 *(.a2dp_sink_media_probe)
                0x021dd264                a2dp_sink_media_probe_end = .
                0x021dd264                a2dp_sink_media_codec_begin = .
 *(.a2dp_sink_media_codec)
 .a2dp_sink_media_codec
                0x021dd264       0x30 ..\..\..\..\cpu\wl82\tools\sdk.elf.o
                0x021dd264                a2dp_1sbc_codec_private
                0x021dd27c                a2dp_2aac_sink_codec
                0x021dd294                a2dp_sink_media_codec_end = .
                0x021dd294                a2dp_event_handler_begin = .
 *(.a2dp_event_handler)
 .a2dp_event_handler
                0x021dd294       0x70 ..\..\..\..\cpu\wl82\tools\sdk.elf.o
                0x021dd294                a2dp_sink_event_handler
                0x021dd2b0                a2dp_source_event_handler
                0x021dd2cc                acp_a2dp_event_handler
                0x021dd2e8                acp_a2dp_src_event_handler
                0x021dd304                a2dp_event_handler_end = .
                0x021dd304                sdp_record_item_begin = .
 *(.sdp_record_item)
 .sdp_record_item
                0x021dd304       0x60 ..\..\..\..\cpu\wl82\tools\sdk.elf.o
                0x021dd304                a2dp_sdp_record_item
                0x021dd310                a2dp_src_sdp_record_item
                0x021dd31c                arp_ct_sdp_record_item
                0x021dd328                arp_ta_sdp_record_item
                0x021dd334                hfp_ag_sdp_record_item
                0x021dd340                hfp_sdp_record_item
                0x021dd34c                spp_sdp_record_item
                0x021dd358                spp_user_sdp_record_item
                0x021dd364                sdp_record_item_end = .
                0x021dd364                bt_sleep_begin = .
 *(.bt_sleep)
 .bt_sleep      0x021dd364       0x78 ..\..\..\..\cpu\wl82\tools\sdk.elf.o
                0x021dd364                bt_suspend_a2dp_resumea2dp_release
                0x021dd370                bt_suspend_avctp_resumeavctp_release
                0x021dd37c                bt_suspend_hfp_resumehfp_release
                0x021dd388                bt_suspend_hid_resumehid_release
                0x021dd394                bt_suspend_spp_resumespp_release
                0x021dd3a0                bt_suspend_iap_resumeiap_release
                0x021dd3ac                bt_suspend_sdp_resumesdp_release
                0x021dd3b8                bt_suspend_user_cmd_loop_resumeuser_cmd_loop_release
                0x021dd3c4                bt_suspend_spp_up_resumespp_up_release
                0x021dd3d0                bt_suspend_pan_loop_resumepan_loop_release
                0x021dd3dc                bt_sleep_end = .
 *(.bt_stack_const)
 .bt_stack_const
                0x021dd3dc      0x9cc ..\..\..\..\cpu\wl82\tools\sdk.elf.o
 *(.bt_stack_code)
 .bt_stack_code
                0x021ddda8     0xf922 ..\..\..\..\cpu\wl82\tools\sdk.elf.o
 *(.ble_db_const)
 *(.ble_db_code)
 .ble_db_code   0x021ed6ca      0x1c6 ..\..\..\..\cpu\wl82\tools\sdk.elf.o
 *(.ble_sm_const)
 .ble_sm_const  0x021ed890       0x73 ..\..\..\..\cpu\wl82\tools\sdk.elf.o
 *(.ble_sm_code)
 *fill*         0x021ed903        0x1 
 .ble_sm_code   0x021ed904     0x2176 ..\..\..\..\cpu\wl82\tools\sdk.elf.o
 *(.ble_att_const)
 .ble_att_const
                0x021efa7a       0x17 ..\..\..\..\cpu\wl82\tools\sdk.elf.o
 *(.ble_att_code)
 *fill*         0x021efa91        0x1 
 .ble_att_code  0x021efa92      0x7b8 ..\..\..\..\cpu\wl82\tools\sdk.elf.o
 *(.ble_gatt_const)
 *(.ble_gatt_code)
 .ble_gatt_code
                0x021f024a      0xb2c ..\..\..\..\cpu\wl82\tools\sdk.elf.o
                0x021f0d76                BTSTACK_LE_HOST_MESH_CODE_START = .
 *(.ble_mesh_code)
 *(.ble_mesh_tinycrypt_code)
 *(.ble_mesh_const)
 *(.ble_mesh_tinycrypt_const)
                0x00000000                BTSTACK_LE_HOST_MESH_CODE_SIZE = ABSOLUTE ((. - BTSTACK_LE_HOST_MESH_CODE_START))
                0x021f0d76                btstack_code_end = .
                0x021f0d78                . = ALIGN (0x4)
 *fill*         0x021f0d76        0x2 
                0x00013b42                BTSTACK_CODE_TOTAL_SIZE = (btstack_code_end - btstack_code_start)
                0x021f0d78                . = ALIGN (0x4)
                0x021f0d78                lcd_interface_begin = .
 *(.lcd_if_info)
 .lcd_if_info   0x021f0d78       0x2c ..\..\..\..\cpu\wl82\tools\sdk.elf.o
                0x021f0da4                lcd_interface_end = .
                0x021f0da4                ui_style_begin = .
 *(.ui_style)
 .ui_style      0x021f0da4      0x168 ..\..\..\..\cpu\wl82\tools\sdk.elf.o
                0x021f0f0c                ui_style_end = .
                0x021f0f0c                elm_event_handler_begin_JL = .
 *(.elm_event_handler_JL)
                0x021f0f0c                elm_event_handler_end_JL = .
                0x021f0f0c                elm_event_handler_begin_UPGRADE = .
 *(.elm_event_handler_UPGRADE)
                0x021f0f0c                elm_event_handler_end_UPGRADE = .
                0x021f0f0c                elm_event_handler_begin_DIAL = .
 *(.elm_event_handler_DIAL)
                0x021f0f0c                elm_event_handler_end_DIAL = .
                0x021f0f0c                control_event_handler_begin = .
 *(.control_event_handler)
                0x021f0f0c                control_event_handler_end = .
                0x021f0f0c                control_ops_begin = .
 *(.control_ops)
 .control_ops   0x021f0f0c       0x68 ..\..\..\..\cpu\wl82\tools\sdk.elf.o
                0x021f0f74                control_ops_end = .
                0x021f0f74                battery_notify_begin = .
 *(.battery_notify)
                0x021f0f74                battery_notify_end = .
                0x021f0f80                . = ALIGN (0x20)
 *fill*         0x021f0f74        0xc 
                0x021f0f80                _text_rodata_end = .
                [!provide]                PROVIDE (text_rodata_end, .)

.jlsp_dns_code  0x021f0f80       0x42
 .jlsp_dns_code
                0x021f0f80       0x42 ..\..\..\..\cpu\wl82\tools\sdk.elf.o
                0x04000120                . = ORIGIN (sdram)

.data           0x04000120     0xc854
                0x04000120                . = ALIGN (0x4)
 *(.jlsp_data)
 .jlsp_data     0x04000120        0xe ..\..\..\..\cpu\wl82\tools\sdk.elf.o
 *(.dlmalloc_code)
 .dlmalloc_code
                0x0400012e     0x33dc ..\..\..\..\cpu\wl82\tools\sdk.elf.o
                0x040034ec                memory_init
 *(.dlmalloc_const)
 *(.mem_heap_code)
 .mem_heap_code
                0x0400350a      0x47e ..\..\..\..\cpu\wl82\tools\sdk.elf.o
 *(.mem_heap_const)
                0x04003988                _os_begin = .
                [!provide]                PROVIDE (os_begin, .)
 *(.os_code)
 .os_code       0x04003988     0x3e44 ..\..\..\..\cpu\wl82\tools\sdk.elf.o
                0x04006daa                OS_ClrPending
 *(.os_const)
 *(.os_str)
 .os_str        0x040077cc      0x97c ..\..\..\..\cpu\wl82\tools\sdk.elf.o
 *(.os_data)
 .os_data       0x04008148       0x4f ..\..\..\..\cpu\wl82\tools\sdk.elf.o
                0x04008150                CurrentTCB
                0x04008164                highCurrentTCB
 *(.os_critical_code)
 *fill*         0x04008197        0x1 
 .os_critical_code
                0x04008198       0xde ..\..\..\..\cpu\wl82\tools\sdk.elf.o
                0x04008198                jiffies_half_msec
                0x040081f2                jiffies_msec
                0x040081fa                os_current_task
 *(.os_port_code)
 *(.os_port_data)
 *(.os_port_const)
                0x04008276                _os_end = .
                [!provide]                PROVIDE (os_end, .)
                0x04008278                . = ALIGN (0x4)
 *fill*         0x04008276        0x2 
 *(.ui_ram)
 .ui_ram        0x04008278      0x4a4 ..\..\..\..\cpu\wl82\tools\sdk.elf.o
                0x0400871c                . = ALIGN (0x4)
                0x0400871c                _vfs_ops_begin = .
                0x0400871c                PROVIDE (vfs_ops_begin, .)
 *(.vfs_operations)
 .vfs_operations
                0x0400871c      0x258 ..\..\..\..\cpu\wl82\tools\sdk.elf.o
                0x0400871c                nor_sdfile_vfs_ops
                0x04008794                sdfile_vfs_ops
                0x0400880c                sdfile_ext_vfs_ops
                0x04008884                fat_sdfile_fat_ops
                0x040088fc                jl_fat_vfs_ops
                0x04008974                _vfs_ops_end = .
                0x04008974                PROVIDE (vfs_ops_end, .)
                0x04008974                _initcall_begin = .
                0x04008974                PROVIDE (initcall_begin, .)
 *(.initcall)
 .initcall      0x04008974       0x10 ..\..\..\..\cpu\wl82\tools\sdk.elf.o
                0x04008974                __initcall_app_update_init
                0x04008978                __initcall_audio_server_init
                0x0400897c                __initcall_video_server_init
                0x04008980                __initcall_vpkg_server_init
                0x04008984                _initcall_end = .
                0x04008984                PROVIDE (initcall_end, .)
                0x04008984                _early_initcall_begin = .
                0x04008984                PROVIDE (early_initcall_begin, .)
 *(.early.initcall)
 .early.initcall
                0x04008984       0x28 ..\..\..\..\cpu\wl82\tools\sdk.elf.o
                0x04008984                __initcall_mutex_init
                0x04008988                __initcall___sd_mutex_init
                0x0400898c                __initcall___udisk_mutex_init
                0x04008990                __initcall_app_version_check
                0x04008994                __initcall_usb_host_mutex_init
                0x04008998                __initcall_usb_memory_init
                0x0400899c                __initcall_sys_event_init
                0x040089a0                __initcall_thread_fork_init
                0x040089a4                __initcall_sdfile_init
                0x040089a8                __initcall_ntp_client_init
                0x040089ac                _early_initcall_end = .
                0x040089ac                PROVIDE (early_initcall_end, .)
                0x040089ac                _late_initcall_begin = .
                0x040089ac                PROVIDE (late_initcall_begin, .)
 *(.late.initcall)
 .late.initcall
                0x040089ac       0x14 ..\..\..\..\cpu\wl82\tools\sdk.elf.o
                0x040089ac                __initcall_usb_host_audio_api_init
                0x040089b0                __initcall_config_save_flash
                0x040089b4                __initcall_camera_to_lcd_init
                0x040089b8                __initcall_wireless_net_init
                0x040089bc                __initcall_sdk_meky_check
                0x040089c0                _late_initcall_end = .
                0x040089c0                PROVIDE (late_initcall_end, .)
                0x040089c0                _platform_initcall_begin = .
                0x040089c0                PROVIDE (platform_initcall_begin, .)
 *(.platform.initcall)
 .platform.initcall
                0x040089c0        0xc ..\..\..\..\cpu\wl82\tools\sdk.elf.o
                0x040089c0                __initcall_eff_init
                0x040089c4                __initcall_eq_init
                0x040089c8                __initcall_syscfg_tools_init
                0x040089cc                _platform_initcall_end = .
                0x040089cc                PROVIDE (platform_initcall_end, .)
                0x040089cc                _module_initcall_begin = .
                0x040089cc                PROVIDE (module_initcall_begin, .)
 *(.module.initcall)
 .module.initcall
                0x040089cc        0xc ..\..\..\..\cpu\wl82\tools\sdk.elf.o
                0x040089cc                __initcall_hw_iic_ops_link
                0x040089d0                __initcall_link_sw_iic0_data
                0x040089d4                __initcall_wait_completion_init
                0x040089d8                _module_initcall_end = .
                0x040089d8                PROVIDE (module_initcall_end, .)
                0x040089d8                _sys_event_handler_begin = .
                0x040089d8                PROVIDE (sys_event_handler_begin, .)
 *(.sys_event.*)
 .sys_event.device_event
                0x040089d8        0xc ..\..\..\..\cpu\wl82\tools\sdk.elf.o
                0x040089d8                __static_event_device_event
 .sys_event.sys_power_enent
                0x040089e4        0xc ..\..\..\..\cpu\wl82\tools\sdk.elf.o
                0x040089e4                __static_event_sys_power_enent
 .sys_event.key_event
                0x040089f0        0xc ..\..\..\..\cpu\wl82\tools\sdk.elf.o
                0x040089f0                __static_event_key_event
 .sys_event.tws_event
                0x040089fc        0xc ..\..\..\..\cpu\wl82\tools\sdk.elf.o
                0x040089fc                __static_event_tws_event
                0x04008a08                _sys_event_handler_end = .
                0x04008a08                PROVIDE (sys_event_handler_end, .)
                0x04008a08                _syscfg_ops_begin = .
                0x04008a08                PROVIDE (syscfg_ops_begin, .)
 *(.syscfg.2.ops)
 .syscfg.2.ops  0x04008a08       0x1c ..\..\..\..\cpu\wl82\tools\sdk.elf.o
                0x04008a08                cfg_btif
 *(.syscfg.1.ops)
 .syscfg.1.ops  0x04008a24       0x1c ..\..\..\..\cpu\wl82\tools\sdk.elf.o
                0x04008a24                cfg_vm
 *(.syscfg.0.ops)
 .syscfg.0.ops  0x04008a40       0x1c ..\..\..\..\cpu\wl82\tools\sdk.elf.o
                0x04008a40                cfg_bin
                0x04008a5c                _syscfg_ops_end = .
                0x04008a5c                PROVIDE (syscfg_ops_end, .)
                0x04008a5c                _server_info_begin = .
                0x04008a5c                PROVIDE (server_info_begin, .)
 *(.server_info)
 .server_info   0x04008a5c       0x60 ..\..\..\..\cpu\wl82\tools\sdk.elf.o
                0x04008a5c                audio_server_info
                0x04008a6c                video_server_info
                0x04008a7c                vpkg_server_info
                0x04008a8c                ai_server_info
                0x04008a9c                video_dec_server_info
                0x04008aac                vunpkg_server_info
                0x04008abc                _server_info_end = .
                0x04008abc                PROVIDE (server_info_end, .)
                0x04008abc                _bus_device_begin = .
                [!provide]                PROVIDE (bus_device_begin, .)
 *(.bus_device)
                0x04008abc                _bus_device_end = .
                [!provide]                PROVIDE (bus_device_end, .)
                0x04008abc                _cmd_interface_begin = .
                0x04008abc                PROVIDE (cmd_interface_begin, .)
 *(.eff_cmd)
 .eff_cmd       0x04008abc       0xe0 ..\..\..\..\cpu\wl82\tools\sdk.elf.o
                0x04008b9c                _cmd_interface_end = .
                0x04008b9c                PROVIDE (cmd_interface_end, .)
                0x04008b9c                _snap_interface_begin = .
                0x04008b9c                PROVIDE (snap_interface_begin, .)
 *(.snap_parm)
 .snap_parm     0x04008b9c       0x14 ..\..\..\..\cpu\wl82\tools\sdk.elf.o
                0x04008b9c                mh_drc_snap
                0x04008ba0                ml_drc_crossover_snap
                0x04008ba4                ml_drc_snap
                0x04008ba8                mm_drc_snap
                0x04008bac                music_eq_snap
                0x04008bb0                _snap_interface_end = .
                0x04008bb0                PROVIDE (snap_interface_end, .)
                0x04008bb0                _device_node_begin = .
                0x04008bb0                PROVIDE (device_node_begin, .)
 *(.device)
 .device        0x04008bb0      0x108 ..\..\..\..\cpu\wl82\tools\sdk.elf.o
                0x04008bb0                device_table
                0x04008cb8                _device_node_end = .
                0x04008cb8                PROVIDE (device_node_end, .)
                0x04008cb8                lp_target_begin = .
                [!provide]                PROVIDE (lp_target_begin, .)
 *(.lp_target)
 .lp_target     0x04008cb8       0xe0 ..\..\..\..\cpu\wl82\tools\sdk.elf.o
                0x04008cb8                iic_lp_target
                0x04008cc0                adc_scan_lp_target
                0x04008cc8                effect_adj_lp_target
                0x04008cd0                key_lp_target
                0x04008cd8                ota_lp_target
                0x04008ce0                usb_stor0_lp_target
                0x04008ce8                usb_stor1_lp_target
                0x04008cf0                usr_systimer_lp_target
                0x04008cf8                vm_lp_target
                0x04008d00                uart_lp_target
                0x04008d08                spi_lp_target
                0x04008d10                sys_power_lp_target
                0x04008d18                camera_lp_target
                0x04008d20                adc_lp_target
                0x04008d28                dac_lp_target
                0x04008d30                pwm_lp_target
                0x04008d38                pap_lp_target
                0x04008d40                imd_lp_target
                0x04008d48                emi_lp_target
                0x04008d50                norflash_lp_target
                0x04008d58                sdx_lp_target
                0x04008d60                usb_dev_lp_target
                0x04008d68                dma_lp_target
                0x04008d70                audio_cmd_lp_target
                0x04008d78                ble_slave_multlp_target
                0x04008d80                btstack_lowpower_target
                0x04008d88                alnk_lp_target
                0x04008d90                plnk_lp_target
                0x04008d98                lp_target_end = .
                [!provide]                PROVIDE (lp_target_end, .)
                0x04008d98                _ai_sdk_api_begin = .
                0x04008d98                PROVIDE (ai_sdk_api_begin, .)
 *(.ai_sdk)
                0x04008d98                _ai_sdk_api_end = .
                0x04008d98                PROVIDE (ai_sdk_api_end, .)
                0x04008d98                config_target_begin = .
                [!provide]                PROVIDE (config_target_begin, .)
 *(.config_target)
                0x04008d98                config_target_end = .
                [!provide]                PROVIDE (config_target_end, .)
                0x04008d98                _tool_interface_begin = .
                [!provide]                PROVIDE (tool_interface_begin, .)
 *(.tool_interface)
 .tool_interface
                0x04008d98        0x8 ..\..\..\..\cpu\wl82\tools\sdk.elf.o
                0x04008da0                _tool_interface_end = .
                [!provide]                PROVIDE (tool_interface_end, .)
                0x04008da0                _lcd_device_begin = .
                0x04008da0                PROVIDE (lcd_device_begin, .)
 *(.lcd)
 .lcd           0x04008da0       0x38 ..\..\..\..\cpu\wl82\tools\sdk.elf.o
                0x04008dd8                _lcd_device_end = .
                0x04008dd8                PROVIDE (lcd_device_end, .)
                0x04008dd8                _camera_dev_begin = .
                0x04008dd8                PROVIDE (camera_dev_begin, .)
 *(.camera_dev)
 .camera_dev    0x04008dd8      0x72c ..\..\..\..\cpu\wl82\tools\sdk.elf.o
                0x04009504                _camera_dev_end = .
                0x04009504                PROVIDE (camera_dev_end, .)
                0x04009504                _camera1_dev_begin = .
                0x04009504                PROVIDE (camera1_dev_begin, .)
 *(.camera1_dev)
 .camera1_dev   0x04009504       0xd8 ..\..\..\..\cpu\wl82\tools\sdk.elf.o
                0x040095dc                _camera1_dev_end = .
                0x040095dc                PROVIDE (camera1_dev_end, .)
                0x040095dc                _iic_device_begin = .
                0x040095dc                PROVIDE (iic_device_begin, .)
 *(.iic)
 .iic           0x040095dc       0x30 ..\..\..\..\cpu\wl82\tools\sdk.elf.o
                0x0400960c                _iic_device_end = .
                0x0400960c                PROVIDE (iic_device_end, .)
                0x0400960c                _video_pkg_sys_begin = .
                0x0400960c                PROVIDE (video_pkg_sys_begin, .)
 *(.video_pkg_sys)
 .video_pkg_sys
                0x0400960c       0x48 ..\..\..\..\cpu\wl82\tools\sdk.elf.o
                0x0400960c                net_sys_ops
                0x04009630                vpkg_fsys_ops
                0x04009654                _video_pkg_sys_end = .
                0x04009654                PROVIDE (video_pkg_sys_end, .)
                0x04009654                _video_pkg_begin = .
                0x04009654                PROVIDE (video_pkg_begin, .)
 *(.video_pkg)
 .video_pkg     0x04009654       0x60 ..\..\..\..\cpu\wl82\tools\sdk.elf.o
                0x04009654                net_jpeg_pkg_ops
                0x04009674                strm_pkg_ops
                0x04009694                avi_pkg_ops
                0x040096b4                _video_pkg_end = .
                0x040096b4                PROVIDE (video_pkg_end, .)
                0x040096b4                . = ALIGN (0x4)
                0x040096b4                _app_begin = .
                0x040096b4                PROVIDE (app_begin, .)
 *(.app)
 .app           0x040096b4       0x20 ..\..\..\..\cpu\wl82\tools\sdk.elf.o
                0x040096d4                _app_end = .
                0x040096d4                PROVIDE (app_end, .)
                0x040096d4                _static_hi_timer_begin = .
                [!provide]                PROVIDE (static_hi_timer_begin, .)
 *(.hi_timer)
                0x040096d4                _static_hi_timer_end = .
                [!provide]                PROVIDE (static_hi_timer_end, .)
                0x040096d4                _sys_cpu_timer_begin = .
                0x040096d4                PROVIDE (sys_cpu_timer_begin, .)
 *(.sys_cpu_timer)
 .sys_cpu_timer
                0x040096d4       0x10 ..\..\..\..\cpu\wl82\tools\sdk.elf.o
                0x040096d4                cpu_timer4
                0x040096e4                _sys_cpu_timer_end = .
                0x040096e4                PROVIDE (sys_cpu_timer_end, .)
                0x040096e4                _gsensor_dev_begin = .
                [!provide]                PROVIDE (gsensor_dev_begin, .)
 *(.gsensor_dev)
                0x040096e4                _gsensor_dev_end = .
                [!provide]                PROVIDE (gsensor_dev_end, .)
                0x040096e4                _clock_critical_handler_begin = .
                0x040096e4                PROVIDE (clock_critical_handler_begin, .)
 *(.clock_critical_txt)
 .clock_critical_txt
                0x040096e4       0x18 ..\..\..\..\cpu\wl82\tools\sdk.elf.o
                0x040096e4                clock_port
                0x040096ec                clock_timer1
                0x040096f4                clock_sdx
                0x040096fc                _clock_critical_handler_end = .
                0x040096fc                PROVIDE (clock_critical_handler_end, .)
                0x040096fc                . = ALIGN (0x4)
                0x040096fc                _audio_decoder_begin = .
                0x040096fc                PROVIDE (audio_decoder_begin, .)
 *(.audio_decoder)
 .audio_decoder
                0x040096fc      0x348 ..\..\..\..\cpu\wl82\tools\sdk.elf.o
                0x040096fc                pcm_decoder_ops
                0x04009734                mp3_decoder
                0x0400976c                m4a_decoder